Component: ARM Compiler 5.06 update 6 (build 750) Tool: armlink [4d35ed]

==============================================================================

Section Cross References

    startup_stm32f103xe.o(RESET) refers to startup_stm32f103xe.o(STACK) for __initial_sp
    startup_stm32f103xe.o(RESET) refers to startup_stm32f103xe.o(.text) for Reset_Handler
    startup_stm32f103xe.o(RESET) refers to stm32f1xx_it.o(i.NMI_Handler) for NMI_Handler
    startup_stm32f103xe.o(RESET) refers to stm32f1xx_it.o(i.HardFault_Handler) for HardFault_Handler
    startup_stm32f103xe.o(RESET) refers to stm32f1xx_it.o(i.MemManage_Handler) for MemManage_Handler
    startup_stm32f103xe.o(RESET) refers to stm32f1xx_it.o(i.BusFault_Handler) for BusFault_Handler
    startup_stm32f103xe.o(RESET) refers to stm32f1xx_it.o(i.UsageFault_Handler) for UsageFault_Handler
    startup_stm32f103xe.o(RESET) refers to stm32f1xx_it.o(i.SVC_Handler) for SVC_Handler
    startup_stm32f103xe.o(RESET) refers to stm32f1xx_it.o(i.DebugMon_Handler) for DebugMon_Handler
    startup_stm32f103xe.o(RESET) refers to stm32f1xx_it.o(i.PendSV_Handler) for PendSV_Handler
    startup_stm32f103xe.o(RESET) refers to stm32f1xx_it.o(i.SysTick_Handler) for SysTick_Handler
    startup_stm32f103xe.o(RESET) refers to stm32f1xx_it.o(i.TIM2_IRQHandler) for TIM2_IRQHandler
    startup_stm32f103xe.o(RESET) refers to stm32f1xx_it.o(i.USART1_IRQHandler) for USART1_IRQHandler
    startup_stm32f103xe.o(RESET) refers to stm32f1xx_it.o(i.USART3_IRQHandler) for USART3_IRQHandler
    startup_stm32f103xe.o(.text) refers to system_stm32f1xx.o(i.SystemInit) for SystemInit
    startup_stm32f103xe.o(.text) refers to entry.o(.ARM.Collect$$$$00000000) for __main
    esp8266.o(i.esp8266_Connect_AP) refers to mallocr.o(i.__malloc$realloc) for malloc
    esp8266.o(i.esp8266_Connect_AP) refers to printfa.o(i.__0sprintf) for __2sprintf
    esp8266.o(i.esp8266_Connect_AP) refers to usart.o(i.u1_printf) for u1_printf
    esp8266.o(i.esp8266_Connect_AP) refers to esp8266.o(i.esp8266_send_cmd) for esp8266_send_cmd
    esp8266.o(i.esp8266_Connect_AP) refers to mallocr.o(i.__free$realloc) for free
    esp8266.o(i.esp8266_Connect_IOTServer) refers to usart.o(i.u1_printf) for u1_printf
    esp8266.o(i.esp8266_Connect_IOTServer) refers to stm32f1xx_hal.o(i.HAL_Delay) for HAL_Delay
    esp8266.o(i.esp8266_Connect_IOTServer) refers to esp8266.o(i.esp8266_send_cmd) for esp8266_send_cmd
    esp8266.o(i.esp8266_Connect_IOTServer) refers to esp8266.o(i.esp8266_quit_trans) for esp8266_quit_trans
    esp8266.o(i.esp8266_Connect_IOTServer) refers to esp8266.o(i.esp8266_Connect_AP) for esp8266_Connect_AP
    esp8266.o(i.esp8266_Connect_IOTServer) refers to esp8266.o(i.esp8266_Connect_Server) for esp8266_Connect_Server
    esp8266.o(i.esp8266_Connect_IOTServer) refers to memseta.o(.text) for __aeabi_memclr
    esp8266.o(i.esp8266_Connect_IOTServer) refers to usart.o(.data) for USART3_RX_STA
    esp8266.o(i.esp8266_Connect_IOTServer) refers to usart.o(.bss) for USART3_RX_BUF
    esp8266.o(i.esp8266_Connect_Server) refers to mallocr.o(i.__malloc$realloc) for malloc
    esp8266.o(i.esp8266_Connect_Server) refers to printfa.o(i.__0sprintf) for __2sprintf
    esp8266.o(i.esp8266_Connect_Server) refers to usart.o(i.u1_printf) for u1_printf
    esp8266.o(i.esp8266_Connect_Server) refers to esp8266.o(i.esp8266_send_cmd) for esp8266_send_cmd
    esp8266.o(i.esp8266_Connect_Server) refers to mallocr.o(i.__free$realloc) for free
    esp8266.o(i.esp8266_check_cmd) refers to usart.o(i.u1_printf) for u1_printf
    esp8266.o(i.esp8266_check_cmd) refers to strstr.o(.text) for strstr
    esp8266.o(i.esp8266_check_cmd) refers to usart.o(.data) for USART3_RX_STA
    esp8266.o(i.esp8266_check_cmd) refers to usart.o(.bss) for USART3_RX_BUF
    esp8266.o(i.esp8266_quit_trans) refers to stm32f1xx_hal.o(i.HAL_Delay) for HAL_Delay
    esp8266.o(i.esp8266_quit_trans) refers to esp8266.o(i.esp8266_send_cmd) for esp8266_send_cmd
    esp8266.o(i.esp8266_send_cmd) refers to memseta.o(.text) for __aeabi_memclr
    esp8266.o(i.esp8266_send_cmd) refers to usart.o(i.u3_printf) for u3_printf
    esp8266.o(i.esp8266_send_cmd) refers to stm32f1xx_hal.o(i.HAL_Delay) for HAL_Delay
    esp8266.o(i.esp8266_send_cmd) refers to esp8266.o(i.esp8266_check_cmd) for esp8266_check_cmd
    esp8266.o(i.esp8266_send_cmd) refers to usart.o(i.u1_printf) for u1_printf
    esp8266.o(i.esp8266_send_cmd) refers to usart.o(.data) for USART3_RX_STA
    esp8266.o(i.esp8266_send_cmd) refers to usart.o(.bss) for USART3_RX_BUF
    main.o(i.SystemClock_Config) refers to memseta.o(.text) for __aeabi_memclr4
    main.o(i.SystemClock_Config) refers to stm32f1xx_hal_rcc.o(i.HAL_RCC_OscConfig) for HAL_RCC_OscConfig
    main.o(i.SystemClock_Config) refers to stm32f1xx_hal_rcc.o(i.HAL_RCC_ClockConfig) for HAL_RCC_ClockConfig
    main.o(i.main) refers to stm32f1xx_hal.o(i.HAL_Init) for HAL_Init
    main.o(i.main) refers to main.o(i.SystemClock_Config) for SystemClock_Config
[...]
    startup_stm32f103xe.s                    0x00000000   Number         0  startup_stm32f103xe.o ABSOLUTE
    RESET                                    0x08000000   Section      304  startup_stm32f103xe.o(RESET)
    .ARM.Collect$$$$00000000                 0x08000130   Section        0  entry.o(.ARM.Collect$$$$00000000)
    .ARM.Collect$$$$00000001                 0x08000130   Section        4  entry2.o(.ARM.Collect$$$$00000001)
    .ARM.Collect$$$$00000004                 0x08000134   Section        4  entry5.o(.ARM.Collect$$$$00000004)
    .ARM.Collect$$$$00000008                 0x08000138   Section        0  entry7b.o(.ARM.Collect$$$$00000008)
    .ARM.Collect$$$$0000000A                 0x08000138   Section        0  entry8b.o(.ARM.Collect$$$$0000000A)
    .ARM.Collect$$$$0000000B                 0x08000138   Section        8  entry9a.o(.ARM.Collect$$$$0000000B)
    .ARM.Collect$$$$0000000D                 0x08000140   Section        0  entry10a.o(.ARM.Collect$$$$0000000D)
    .ARM.Collect$$$$0000000F                 0x08000140   Section        0  entry11a.o(.ARM.Collect$$$$0000000F)
    .ARM.Collect$$$$00002712                 0x08000140   Section        4  entry2.o(.ARM.Collect$$$$00002712)
    __lit__00000000                          0x08000140   Data           4  entry2.o(.ARM.Collect$$$$00002712)
    .text                                    0x08000144   Section       36  startup_stm32f103xe.o(.text)
    .text                                    0x08000168   Section        0  llushr.o(.text)
    .text                                    0x08000188   Section        0  memcpya.o(.text)
    .text                                    0x080001ac   Section        0  memseta.o(.text)
    .text                                    0x080001d0   Section        0  strstr.o(.text)
    .text                                    0x080001f4   Section        0  strlen.o(.text)
    .text                                    0x08000202   Section        0  strcpy.o(.text)
    .text                                    0x08000214   Section        0  __0sscanf.o(.text)
    .text                                    0x0800024c   Section        0  scanf_fp.o(.text)
    _fp_value                                0x0800024d   Thumb Code   296  scanf_fp.o(.text)
    .text                                    0x080005ac   Section        0  dadd.o(.text)
    .text                                    0x080006fa   Section        0  dfltui.o(.text)
    .text                                    0x08000714   Section        0  dfixi.o(.text)
    .text                                    0x08000754   Section       48  cdcmple.o(.text)
    .text                                    0x08000784   Section       48  cdrcmple.o(.text)
    .text                                    0x080007b4   Section        0  uidiv.o(.text)
    .text                                    0x080007e0   Section        0  uldiv.o(.text)
    .text                                    0x08000842   Section        0  llshl.o(.text)
    .text                                    0x08000860   Section        0  llsshr.o(.text)
    .text                                    0x08000884   Section        0  scanf_char.o(.text)
    _scanf_char_input                        0x08000885   Thumb Code    12  scanf_char.o(.text)
    .text                                    0x080008ac   Section        0  _sgetc.o(.text)
    .text                                    0x080008ec   Section        0  iusefp.o(.text)
    .text                                    0x080008ec   Section        0  depilogue.o(.text)
    .text                                    0x080009a6   Section        0  dmul.o(.text)
    .text                                    0x08000a8a   Section        0  ddiv.o(.text)
    .text                                    0x08000b68   Section        0  dfltul.o(.text)
    .text                                    0x08000b80   Section        0  dfixul.o(.text)
    .text                                    0x08000bb0   Section        0  d2f.o(.text)
    .text                                    0x08000be8   Section       36  init.o(.text)
    .text                                    0x08000c0c   Section        0  isspace_c.o(.text)
    .text                                    0x08000c18   Section        0  _scanf.o(.text)
    .text                                    0x08000f44   Section        0  fepilogue.o(.text)
    .text                                    0x08000fb4   Section        0  ctype_c.o(.text)
    i.BusFault_Handler                       0x08000fdc   Section        0  stm32f1xx_it.o(i.BusFault_Handler)
    i.DHT11_Check                            0x08000fe0   Section        0  dht11.o(i.DHT11_Check)
    i.DHT11_Init                             0x08001044   Section        0  dht11.o(i.DHT11_Init)
    i.DHT11_Read_Bit                         0x08001088   Section        0  dht11.o(i.DHT11_Read_Bit)
    i.DHT11_Read_Byte                        0x080010d4   Section        0  dht11.o(i.DHT11_Read_Byte)
    i.DHT11_Read_Data                        0x080010ee   Section        0  dht11.o(i.DHT11_Read_Data)
    i.DHT11_Rst                              0x08001140   Section        0  dht11.o(i.DHT11_Rst)
    i.DebugMon_Handler                       0x0800117c   Section        0  stm32f1xx_it.o(i.DebugMon_Handler)
    i.Error_Handler                          0x0800117e   Section        0  main.o(i.Error_Handler)
    i.HAL_DMA_Abort_IT                       0x08001180   Section        0  stm32f1xx_hal_dma.o(i.HAL_DMA_Abort_IT)
    i.HAL_Delay                              0x080012b0   Section        0  stm32f1xx_hal.o(i.HAL_Delay)
    i.HAL_GPIO_Init                          0x080012d4   Section        0  stm32f1xx_hal_gpio.o(i.HAL_GPIO_Init)
    i.HAL_GPIO_ReadPin                       0x080014cc   Section        0  stm32f1xx_hal_gpio.o(i.HAL_GPIO_ReadPin)
    i.HAL_GPIO_WritePin                      0x080014d6   Section        0  stm32f1xx_hal_gpio.o(i.HAL_GPIO_WritePin)
    i.HAL_GetTick                            0x080014e0   Section        0  stm32f1xx_hal.o(i.HAL_GetTick)
    i.HAL_IncTick                            0x080014ec   Section        0  stm32f1xx_hal.o(i.HAL_IncTick)
    i.HAL_Init                               0x080014fc   Section        0  stm32f1xx_hal.o(i.HAL_Init)
    i.HAL_InitTick                           0x08001520   Section        0  stm32f1xx_hal.o(i.HAL_InitTick)
    i.HAL_MspInit                            0x08001560   Section        0  stm32f1xx_hal_msp.o(i.HAL_MspInit)
    i.HAL_NVIC_EnableIRQ                     0x0800159c   Section        0  stm32f1xx_hal_cortex.o(i.HAL_NVIC_EnableIRQ)
    i.HAL_NVIC_SetPriority                   0x080015b8   Section        0  stm32f1xx_hal_cortex.o(i.HAL_NVIC_SetPriority)
    i.HAL_NVIC_SetPriorityGrouping           0x080015f8   Section        0  stm32f1xx_hal_cortex.o(i.HAL_NVIC_SetPriorityGrouping)
    i.HAL_RCC_ClockConfig                    0x0800161c   Section        0  stm32f1xx_hal_rcc.o(i.HAL_RCC_ClockConfig)
    i.HAL_RCC_GetPCLK1Freq                   0x08001748   Section        0  stm32f1xx_hal_rcc.o(i.HAL_RCC_GetPCLK1Freq)
    i.HAL_RCC_GetPCLK2Freq                   0x08001768   Section        0  stm32f1xx_hal_rcc.o(i.HAL_RCC_GetPCLK2Freq)
    i.HAL_RCC_GetSysClockFreq                0x08001788   Section        0  stm32f1xx_hal_rcc.o(i.HAL_RCC_GetSysClockFreq)
    i.HAL_RCC_OscConfig                      0x080017f4   Section        0  stm32f1xx_hal_rcc.o(i.HAL_RCC_OscConfig)
    i.HAL_SYSTICK_CLKSourceConfig            0x08001b14   Section        0  stm32f1xx_hal_cortex.o(i.HAL_SYSTICK_CLKSourceConfig)
    i.HAL_SYSTICK_Config                     0x08001b2c   Section        0  stm32f1xx_hal_cortex.o(i.HAL_SYSTICK_Config)
    i.HAL_TIMEx_BreakCallback                0x08001b54   Section        0  stm32f1xx_hal_tim_ex.o(i.HAL_TIMEx_BreakCallback)
    i.HAL_TIMEx_CommutCallback               0x08001b56   Section        0  stm32f1xx_hal_tim_ex.o(i.HAL_TIMEx_CommutCallback)
    i.HAL_TIMEx_MasterConfigSynchronization  0x08001b58   Section        0  stm32f1xx_hal_tim_ex.o(i.HAL_TIMEx_MasterConfigSynchronization)
    i.HAL_TIM_Base_Init                      0x08001b9a   Section        0  stm32f1xx_hal_tim.o(i.HAL_TIM_Base_Init)
    i.HAL_TIM_Base_MspInit                   0x08001bd0   Section        0  tim.o(i.HAL_TIM_Base_MspInit)
    i.HAL_TIM_Base_Start_IT                  0x08001c08   Section        0  stm32f1xx_hal_tim.o(i.HAL_TIM_Base_Start_IT)
    i.HAL_TIM_ConfigClockSource              0x08001c2a   Section        0  stm32f1xx_hal_tim.o(i.HAL_TIM_ConfigClockSource)
    i.HAL_TIM_IC_CaptureCallback             0x08001d00   Section        0  stm32f1xx_hal_tim.o(i.HAL_TIM_IC_CaptureCallback)
    i.HAL_TIM_IRQHandler                     0x08001d02   Section        0  stm32f1xx_hal_tim.o(i.HAL_TIM_IRQHandler)
    i.HAL_TIM_OC_DelayElapsedCallback        0x08001e68   Section        0  stm32f1xx_hal_tim.o(i.HAL_TIM_OC_DelayElapsedCallback)
    i.HAL_TIM_PWM_PulseFinishedCallback      0x08001e6a   Section        0  stm32f1xx_hal_tim.o(i.HAL_TIM_PWM_PulseFinishedCallback)
    i.HAL_TIM_PeriodElapsedCallback          0x08001e6c   Section        0  tim.o(i.HAL_TIM_PeriodElapsedCallback)
    i.HAL_TIM_TriggerCallback                0x08001ebc   Section        0  stm32f1xx_hal_tim.o(i.HAL_TIM_TriggerCallback)
    i.HAL_UART_ErrorCallback                 0x08001ebe   Section        0  stm32f1xx_hal_uart.o(i.HAL_UART_ErrorCallback)
    i.HAL_UART_IRQHandler                    0x08001ec0   Section        0  stm32f1xx_hal_uart.o(i.HAL_UART_IRQHandler)
    i.HAL_UART_Init                          0x08001fd0   Section        0  stm32f1xx_hal_uart.o(i.HAL_UART_Init)
    i.HAL_UART_MspInit                       0x08002034   Section        0  usart.o(i.HAL_UART_MspInit)
    i.HAL_UART_Receive_IT                    0x0800215c   Section        0  stm32f1xx_hal_uart.o(i.HAL_UART_Receive_IT)
    i.HAL_UART_RxCpltCallback                0x080021b0   Section        0  usart.o(i.HAL_UART_RxCpltCallback)
    i.HAL_UART_Transmit_IT                   0x08002200   Section        0  stm32f1xx_hal_uart.o(i.HAL_UART_Transmit_IT)
    i.HAL_UART_TxCpltCallback                0x0800223e   Section        0  stm32f1xx_hal_uart.o(i.HAL_UART_TxCpltCallback)
    i.HardFault_Handler                      0x08002240   Section        0  stm32f1xx_it.o(i.HardFault_Handler)
    i.IOT_baidu_connect                      0x08002244   Section        0  iot_baidu.o(i.IOT_baidu_connect)
    i.IOT_baidu_connect_publish              0x08002440   Section        0  iot_baidu.o(i.IOT_baidu_connect_publish)
    i.MQTTDeserialize_ack                    0x0800250c   Section        0  mqttdeserializepublish.o(i.MQTTDeserialize_ack)
    i.MQTTDeserialize_connack                0x08002554   Section        0  mqttconnectclient.o(i.MQTTDeserialize_connack)
    i.MQTTPacket_decode                      0x080025b0   Section        0  mqttpacket.o(i.MQTTPacket_decode)
    i.MQTTPacket_decodeBuf                   0x080025e8   Section        0  mqttpacket.o(i.MQTTPacket_decodeBuf)
    i.MQTTPacket_encode                      0x080025fc   Section        0  mqttpacket.o(i.MQTTPacket_encode)
    i.MQTTPacket_len                         0x08002628   Section        0  mqttpacket.o(i.MQTTPacket_len)
    i.MQTTPacket_read                        0x08002650   Section        0  mqttpacket.o(i.MQTTPacket_read)
    i.MQTTSerialize_connect                  0x080026a0   Section        0  mqttconnectclient.o(i.MQTTSerialize_connect)
    i.MQTTSerialize_connectLength            0x080027b8   Section        0  mqttconnectclient.o(i.MQTTSerialize_connectLength)
    i.MQTTSerialize_publish                  0x0800282e   Section        0  mqttserializepublish.o(i.MQTTSerialize_publish)
    i.MQTTSerialize_publishLength            0x080028b4   Section        0  mqttserializepublish.o(i.MQTTSerialize_publishLength)
    i.MQTTstrlen                             0x080028d2   Section        0  mqttpacket.o(i.MQTTstrlen)
    i.MX_GPIO_Init                           0x080028e0   Section        0  gpio.o(i.MX_GPIO_Init)
    i.MX_TIM2_Init                           0x08002970   Section        0  tim.o(i.MX_TIM2_Init)
    i.MX_USART1_UART_Init                    0x080029d8   Section        0  usart.o(i.MX_USART1_UART_Init)
    i.MX_USART3_UART_Init                    0x08002a10   Section        0  usart.o(i.MX_USART3_UART_Init)
    i.MemManage_Handler                      0x08002a48   Section        0  stm32f1xx_it.o(i.MemManage_Handler)
    i.NMI_Handler                            0x08002a4a   Section        0  stm32f1xx_it.o(i.NMI_Handler)
    i.PendSV_Handler                         0x08002a4c   Section        0  stm32f1xx_it.o(i.PendSV_Handler)
    i.SVC_Handler                            0x08002a4e   Section        0  stm32f1xx_it.o(i.SVC_Handler)
    i.SysTick_Handler                        0x08002a50   Section        0  stm32f1xx_it.o(i.SysTick_Handler)
    i.SystemClock_Config                     0x08002a54   Section        0  main.o(i.SystemClock_Config)
    i.SystemInit                             0x08002aa4   Section        0  system_stm32f1xx.o(i.SystemInit)
    i.TIM2_IRQHandler                        0x08002aec   Section        0  stm32f1xx_it.o(i.TIM2_IRQHandler)
    i.TIM_Base_SetConfig                     0x08002af8   Section        0  stm32f1xx_hal_tim.o(i.TIM_Base_SetConfig)
    i.TIM_ETR_SetConfig                      0x08002b84   Section        0  stm32f1xx_hal_tim.o(i.TIM_ETR_SetConfig)
    i.TIM_ITRx_SetConfig                     0x08002b98   Section        0  stm32f1xx_hal_tim.o(i.TIM_ITRx_SetConfig)
    TIM_ITRx_SetConfig                       0x08002b99   Thumb Code    16  stm32f1xx_hal_tim.o(i.TIM_ITRx_SetConfig)
    i.TIM_TI1_ConfigInputStage               0x08002ba8   Section        0  stm32f1xx_hal_tim.o(i.TIM_TI1_ConfigInputStage)
    TIM_TI1_ConfigInputStage                 0x08002ba9   Thumb Code    34  stm32f1xx_hal_tim.o(i.TIM_TI1_ConfigInputStage)
    i.TIM_TI2_ConfigInputStage               0x08002bca   Section        0  stm32f1xx_hal_tim.o(i.TIM_TI2_ConfigInputStage)
    TIM_TI2_ConfigInputStage                 0x08002bcb   Thumb Code    36  stm32f1xx_hal_tim.o(i.TIM_TI2_ConfigInputStage)
    i.UART_DMAAbortOnError                   0x08002bee   Section        0  stm32f1xx_hal_uart.o(i.UART_DMAAbortOnError)
    UART_DMAAbortOnError                     0x08002bef   Thumb Code    16  stm32f1xx_hal_uart.o(i.UART_DMAAbortOnError)
    i.UART_EndRxTransfer                     0x08002bfe   Section        0  stm32f1xx_hal_uart.o(i.UART_EndRxTransfer)
    UART_EndRxTransfer                       0x08002bff   Thumb Code    28  stm32f1xx_hal_uart.o(i.UART_EndRxTransfer)
    i.UART_Receive_IT                        0x08002c1a   Section        0  stm32f1xx_hal_uart.o(i.UART_Receive_IT)
    UART_Receive_IT                          0x08002c1b   Thumb Code   150  stm32f1xx_hal_uart.o(i.UART_Receive_IT)
    i.UART_SetConfig                         0x08002cb0   Section        0  stm32f1xx_hal_uart.o(i.UART_SetConfig)
    UART_SetConfig                           0x08002cb1   Thumb Code   178  stm32f1xx_hal_uart.o(i.UART_SetConfig)
    i.UART_Transmit_IT                       0x08002d68   Section        0  stm32f1xx_hal_uart.o(i.UART_Transmit_IT)
    UART_Transmit_IT                         0x08002d69   Thumb Code    98  stm32f1xx_hal_uart.o(i.UART_Transmit_IT)
    i.USART1_IRQHandler                      0x08002dcc   Section        0  stm32f1xx_it.o(i.USART1_IRQHandler)
    i.USART3_IRQHandler                      0x08002dd8   Section        0  stm32f1xx_it.o(i.USART3_IRQHandler)
    i.UsageFault_Handler                     0x08002df8   Section        0  stm32f1xx_it.o(i.UsageFault_Handler)
    i.__0sprintf                             0x08002dfc   Section        0  printfa.o(i.__0sprintf)
    i.__0vsprintf                            0x08002e24   Section        0  printfa.o(i.__0vsprintf)
    i.__NVIC_SetPriority                     0x08002e48   Section        0  stm32f1xx_hal_cortex.o(i.__NVIC_SetPriority)
    __NVIC_SetPriority                       0x08002e49   Thumb Code    32  stm32f1xx_hal_cortex.o(i.__NVIC_SetPriority)
    i.__free$realloc                         0x08002e68   Section        0  mallocr.o(i.__free$realloc)
    i.__malloc$realloc                       0x08002ec4   Section        0  mallocr.o(i.__malloc$realloc)
    i.__scatterload_copy                     0x08002f14   Section       14  handlers.o(i.__scatterload_copy)
    i.__scatterload_null                     0x08002f22   Section        2  handlers.o(i.__scatterload_null)
    i.__scatterload_zeroinit                 0x08002f24   Section       14  handlers.o(i.__scatterload_zeroinit)
    i._fp_digits                             0x08002f34   Section        0  printfa.o(i._fp_digits)
    _fp_digits                               0x08002f35   Thumb Code   366  printfa.o(i._fp_digits)
    i._is_digit                              0x080030b8   Section        0  scanf_fp.o(i._is_digit)
    i._printf_core                           0x080030c8   Section        0  printfa.o(i._printf_core)
    _printf_core                             0x080030c9   Thumb Code  1744  printfa.o(i._printf_core)
    i._printf_post_padding                   0x080037a4   Section        0  printfa.o(i._printf_post_padding)
    _printf_post_padding                     0x080037a5   Thumb Code    36  printfa.o(i._printf_post_padding)
    i._printf_pre_padding                    0x080037c8   Section        0  printfa.o(i._printf_pre_padding)
    _printf_pre_padding                      0x080037c9   Thumb Code    46  printfa.o(i._printf_pre_padding)
    i._sputc                                 0x080037f6   Section        0  printfa.o(i._sputc)
    _sputc                                   0x080037f7   Thumb Code    10  printfa.o(i._sputc)
    i.add_item_to_array                      0x08003800   Section        0  cjson.o(i.add_item_to_array)
    add_item_to_array                        0x08003801   Thumb Code    52  cjson.o(i.add_item_to_array)
    i.add_item_to_object                     0x08003834   Section        0  cjson.o(i.add_item_to_object)
    add_item_to_object                       0x08003835   Thumb Code    86  cjson.o(i.add_item_to_object)
    i.bufchar                                0x0800388c   Section        0  mqttpacket.o(i.bufchar)
    i.cJSON_AddItemToObject                  0x080038b0   Section        0  cjson.o(i.cJSON_AddItemToObject)
    i.cJSON_AddNumberToObject                0x080038c4   Section        0  cjson.o(i.cJSON_AddNumberToObject)
    i.cJSON_AddStringToObject                0x080038f8   Section        0  cjson.o(i.cJSON_AddStringToObject)
    i.cJSON_CreateNumber                     0x08003928   Section        0  cjson.o(i.cJSON_CreateNumber)
    i.cJSON_CreateObject                     0x08003988   Section        0  cjson.o(i.cJSON_CreateObject)
    i.cJSON_CreateString                     0x080039a0   Section        0  cjson.o(i.cJSON_CreateString)
    i.cJSON_Delete                           0x080039d0   Section        0  cjson.o(i.cJSON_Delete)
    i.cJSON_New_Item                         0x08003a18   Section        0  cjson.o(i.cJSON_New_Item)
    cJSON_New_Item                           0x08003a19   Thumb Code    22  cjson.o(i.cJSON_New_Item)
    i.cJSON_Print                            0x08003a30   Section        0  cjson.o(i.cJSON_Print)
    i.cJSON_strdup                           0x08003a3c   Section        0  cjson.o(i.cJSON_strdup)
    cJSON_strdup                             0x08003a3d   Thumb Code    40  cjson.o(i.cJSON_strdup)
    i.compare_double                         0x08003a64   Section        0  cjson.o(i.compare_double)
    compare_double                           0x08003a65   Thumb Code    28  cjson.o(i.compare_double)
    i.delay_init                             0x08003a88   Section        0  delay.o(i.delay_init)
    i.delay_ms                               0x08003a9c   Section        0  delay.o(i.delay_ms)
    i.delay_us                               0x08003ab8   Section        0  delay.o(i.delay_us)
    i.ensure                                 0x08003aec   Section        0  cjson.o(i.ensure)
    ensure                                   0x08003aed   Thumb Code   138  cjson.o(i.ensure)
    i.esp8266_Connect_AP                     0x08003b78   Section        0  esp8266.o(i.esp8266_Connect_AP)
    i.esp8266_Connect_IOTServer              0x08003c24   Section        0  esp8266.o(i.esp8266_Connect_IOTServer)
    i.esp8266_Connect_Server                 0x08004198   Section        0  esp8266.o(i.esp8266_Connect_Server)
    i.esp8266_check_cmd                      0x08004268   Section        0  esp8266.o(i.esp8266_check_cmd)
    i.esp8266_quit_trans                     0x080042a4   Section        0  esp8266.o(i.esp8266_quit_trans)
    i.esp8266_send_cmd                       0x080042f4   Section        0  esp8266.o(i.esp8266_send_cmd)
    i.internal_alloc                         0x0800436c   Section        0  mallocr.o(i.internal_alloc)
    internal_alloc                           0x0800436d   Thumb Code    76  mallocr.o(i.internal_alloc)
    i.main                                   0x080043bc   Section        0  main.o(i.main)
    i.print                                  0x080045b8   Section        0  cjson.o(i.print)
    print                                    0x080045b9   Thumb Code   152  cjson.o(i.print)
    i.print_array                            0x08004650   Section        0  cjson.o(i.print_array)
    print_array                              0x08004651   Thumb Code   150  cjson.o(i.print_array)
    i.print_number                           0x080046e8   Section        0  cjson.o(i.print_number)
    print_number                             0x080046e9   Thumb Code   160  cjson.o(i.print_number)
    i.print_object                           0x0800479c   Section        0  cjson.o(i.print_object)
    print_object                             0x0800479d   Thumb Code   320  cjson.o(i.print_object)
    i.print_string_ptr                       0x080048dc   Section        0  cjson.o(i.print_string_ptr)
    print_string_ptr                         0x080048dd   Thumb Code   258  cjson.o(i.print_string_ptr)
    i.print_value                            0x080049ec   Section        0  cjson.o(i.print_value)
    print_value                              0x080049ed   Thumb Code   182  cjson.o(i.print_value)
    i.readChar                               0x08004abc   Section        0  mqttpacket.o(i.readChar)
    i.readInt                                0x08004ac8   Section        0  mqttpacket.o(i.readInt)
    i.realloc                                0x08004adc   Section        0  mallocr.o(i.realloc)
    i.transport_getdata                      0x08004b48   Section        0  transport.o(i.transport_getdata)
    i.transport_sendPacketBuffer             0x08004b7c   Section        0  transport.o(i.transport_sendPacketBuffer)
    i.u1_printf                              0x08004bac   Section        0  usart.o(i.u1_printf)
    i.u3_printf                              0x08004bec   Section        0  usart.o(i.u3_printf)
    i.update_offset                          0x08004c2c   Section        0  cjson.o(i.update_offset)
    update_offset                            0x08004c2d   Thumb Code    28  cjson.o(i.update_offset)
    i.utils_hb2hex                           0x08004c48   Section        0  utils_md5.o(i.utils_hb2hex)
    i.utils_hmac_sha1                        0x08004c5a   Section        0  utils_hmac.o(i.utils_hmac_sha1)
    i.utils_sha1_finish                      0x08004d30   Section        0  utils_sha1.o(i.utils_sha1_finish)
    i.utils_sha1_init                        0x08004e08   Section        0  utils_sha1.o(i.utils_sha1_init)
    i.utils_sha1_process                     0x08004e10   Section        0  utils_sha1.o(i.utils_sha1_process)
    i.utils_sha1_starts                      0x08006050   Section        0  utils_sha1.o(i.utils_sha1_starts)
    i.utils_sha1_update                      0x0800607c   Section        0  utils_sha1.o(i.utils_sha1_update)
    i.writeCString                           0x080060ec   Section        0  mqttpacket.o(i.writeCString)
    i.writeChar                              0x08006114   Section        0  mqttpacket.o(i.writeChar)
    i.writeInt                               0x08006120   Section        0  mqttpacket.o(i.writeInt)
    i.writeMQTTString                        0x0800613e   Section        0  mqttpacket.o(i.writeMQTTString)
    .constdata                               0x08006174   Section       16  system_stm32f1xx.o(.constdata)
    .constdata                               0x08006184   Section        8  system_stm32f1xx.o(.constdata)
    .constdata                               0x0800618c   Section       88  iot_baidu.o(.constdata)
    .constdata                               0x080061e4   Section       64  utils_sha1.o(.constdata)
    iot_sha1_padding                         0x080061e4   Data          64  utils_sha1.o(.constdata)
    .constdata                               0x08006224   Section       64  ctype_c.o(.constdata)
    .data                                    0x20000000   Section        1  main.o(.data)
    .data                                    0x20000002   Section        4  usart.o(.data)
    .data                                    0x20000008   Section       12  stm32f1xx_hal.o(.data)
    .data                                    0x20000014   Section        4  system_stm32f1xx.o(.data)
    .data                                    0x20000018   Section        4  mqttpacket.o(.data)
    bufptr                                   0x20000018   Data           4  mqttpacket.o(.data)
    .data                                    0x2000001c   Section        6  iot_baidu.o(.data)
    err_cnt                                  0x2000001c   Data           1  iot_baidu.o(.data)
    .data                                    0x20000024   Section       20  cjson.o(.data)
    global_error                             0x20000024   Data           8  cjson.o(.data)
    global_hooks                             0x2000002c   Data          12  cjson.o(.data)
    .data                                    0x20000038   Section        4  delay.o(.data)
    fac_us                                   0x20000038   Data           4  delay.o(.data)
    .data                                    0x2000003c   Section        4  mvars.o(.data)
    .data                                    0x20000040   Section        4  mvars.o(.data)
    .bss                                     0x20000044   Section       64  tim.o(.bss)
    .bss                                     0x20000084   Section     1828  usart.o(.bss)
    .bss                                     0x200007a8   Section     1184  iot_baidu.o(.bss)
    HEAP                                     0x20000c48   Section     2048  startup_stm32f103xe.o(HEAP)
    STACK                                    0x20001448   Section     2048  startup_stm32f103xe.o(STACK)

    Global Symbols

    Symbol Name                              Value     Ov Type        Size  Object(Section)

    BuildAttributes$$THM_ISAv4$P$D$K$B$S$PE$A:L22UL41UL21$X:L11$S22US41US21$IEEE1$IW$USESV6$~STKCKD$USESV7$~SHL$OTIME$ROPI$IEEEJ$EBA8$MICROLIB$REQ8$PRES8$EABIv2 0x00000000   Number         0  anon$$obj.o ABSOLUTE
    __ARM_use_no_argv                        0x00000000   Number         0  main.o ABSOLUTE
    _printf_a                                0x00000000   Number         0  stubs.o ABSOLUTE
    _printf_c                                0x00000000   Number         0  stubs.o ABSOLUTE
    _printf_charcount                        0x00000000   Number         0  stubs.o ABSOLUTE
    _printf_d                                0x00000000   Number         0  stubs.o ABSOLUTE
    _printf_e                                0x00000000   Number         0  stubs.o ABSOLUTE
    _printf_f                                0x00000000   Number         0  stubs.o ABSOLUTE
    _printf_flags                            0x00000000   Number         0  stubs.o ABSOLUTE
    _printf_fp_dec                           0x00000000   Number         0  stubs.o ABSOLUTE
    _printf_fp_hex                           0x00000000   Number         0  stubs.o ABSOLUTE
    _printf_g                                0x00000000   Number         0  stubs.o ABSOLUTE
    _printf_i                                0x00000000   Number         0  stubs.o ABSOLUTE
    _printf_int_dec                          0x00000000   Number         0  stubs.o ABSOLUTE
    _printf_l                                0x00000000   Number         0  stubs.o ABSOLUTE
    _printf_lc                               0x00000000   Number         0  stubs.o ABSOLUTE
    _printf_ll                               0x00000000   Number         0  stubs.o ABSOLUTE
    _printf_lld                              0x00000000   Number         0  stubs.o ABSOLUTE
    _printf_lli                              0x00000000   Number         0  stubs.o ABSOLUTE
    _printf_llo                              0x00000000   Number         0  stubs.o ABSOLUTE
    _printf_llu                              0x00000000   Number         0  stubs.o ABSOLUTE
    _printf_llx                              0x00000000   Number         0  stubs.o ABSOLUTE
    _printf_longlong_dec                     0x00000000   Number         0  stubs.o ABSOLUTE
    _printf_longlong_hex                     0x00000000   Number         0  stubs.o ABSOLUTE
    _printf_longlong_oct                     0x00000000   Number         0  stubs.o ABSOLUTE
    _printf_ls                               0x00000000   Number         0  stubs.o ABSOLUTE
    _printf_mbtowc                           0x00000000   Number         0  stubs.o ABSOLUTE
    _printf_n                                0x00000000   Number         0  stubs.o ABSOLUTE
    _printf_o                                0x00000000   Number         0  stubs.o ABSOLUTE
    _printf_p                                0x00000000   Number         0  stubs.o ABSOLUTE
    _printf_percent                          0x00000000   Number         0  stubs.o ABSOLUTE
    _printf_pre_padding                      0x00000000   Number         0  stubs.o ABSOLUTE
    _printf_return_value                     0x00000000   Number         0  stubs.o ABSOLUTE
    _printf_s                                0x00000000   Number         0  stubs.o ABSOLUTE
    _printf_sizespec                         0x00000000   Number         0  stubs.o ABSOLUTE
    _printf_str                              0x00000000   Number         0  stubs.o ABSOLUTE
    _printf_truncate_signed                  0x00000000   Number         0  stubs.o ABSOLUTE
    _printf_truncate_unsigned                0x00000000   Number         0  stubs.o ABSOLUTE
    _printf_u                                0x00000000   Number         0  stubs.o ABSOLUTE
    _printf_wc                               0x00000000   Number         0  stubs.o ABSOLUTE
    _printf_wctomb                           0x00000000   Number         0  stubs.o ABSOLUTE
    _printf_widthprec                        0x00000000   Number         0  stubs.o ABSOLUTE
    _printf_x                                0x00000000   Number         0  stubs.o ABSOLUTE
    __cpp_initialize__aeabi_                  - Undefined Weak Reference
    __cxa_finalize                            - Undefined Weak Reference
    __decompress                              - Undefined Weak Reference
    _clock_init                               - Undefined Weak Reference
    _microlib_exit                            - Undefined Weak Reference
    _scanf_int                                - Undefined Weak Reference
    _scanf_longlong                           - Undefined Weak Reference
    _scanf_string                             - Undefined Weak Reference
    __Vectors_Size                           0x00000130   Number         0  startup_stm32f103xe.o ABSOLUTE
    __Vectors                                0x08000000   Data           4  startup_stm32f103xe.o(RESET)
    __Vectors_End                            0x08000130   Data           0  startup_stm32f103xe.o(RESET)
    __main                                   0x08000131   Thumb Code     0  entry.o(.ARM.Collect$$$$00000000)
    _main_stk                                0x08000131   Thumb Code     0  entry2.o(.ARM.Collect$$$$00000001)
    _main_scatterload                        0x08000135   Thumb Code     0  entry5.o(.ARM.Collect$$$$00000004)
    __main_after_scatterload                 0x08000139   Thumb Code     0  entry5.o(.ARM.Collect$$$$00000004)
    _main_clock                              0x08000139   Thumb Code     0  entry7b.o(.ARM.Collect$$$$00000008)
    _main_cpp_init                           0x08000139   Thumb Code     0  entry8b.o(.ARM.Collect$$$$0000000A)
    _main_init                               0x08000139   Thumb Code     0  entry9a.o(.ARM.Collect$$$$0000000B)
    __rt_final_cpp                           0x08000141   Thumb Code     0  entry10a.o(.ARM.Collect$$$$0000000D)
    __rt_final_exit                          0x08000141   Thumb Code     0  entry11a.o(.ARM.Collect$$$$0000000F)
    Reset_Handler                            0x08000145   Thumb Code     8  startup_stm32f103xe.o(.text)
    ADC1_2_IRQHandler                        0x0800015f   Thumb Code     0  startup_stm32f103xe.o(.text)
    ADC3_IRQHandler                          0x0800015f   Thumb Code     0  startup_stm32f103xe.o(.text)
    CAN1_RX1_IRQHandler                      0x0800015f   Thumb Code     0  startup_stm32f103xe.o(.text)
    CAN1_SCE_IRQHandler                      0x0800015f   Thumb Code     0  startup_stm32f103xe.o(.text)
    DMA1_Channel1_IRQHandler                 0x0800015f   Thumb Code     0  startup_stm32f103xe.o(.text)
    DMA1_Channel2_IRQHandler                 0x0800015f   Thumb Code     0  startup_stm32f103xe.o(.text)
    DMA1_Channel3_IRQHandler                 0x0800015f   Thumb Code     0  startup_stm32f103xe.o(.text)
    DMA1_Channel4_IRQHandler                 0x0800015f   Thumb Code     0  startup_stm32f103xe.o(.text)
    DMA1_Channel5_IRQHandler                 0x0800015f   Thumb Code     0  startup_stm32f103xe.o(.text)
    DMA1_Channel6_IRQHandler                 0x0800015f   Thumb Code     0  startup_stm32f103xe.o(.text)
    DMA1_Channel7_IRQHandler                 0x0800015f   Thumb Code     0  startup_stm32f103xe.o(.text)
    DMA2_Channel1_IRQHandler                 0x0800015f   Thumb Code     0  startup_stm32f103xe.o(.text)
    DMA2_Channel2_IRQHandler                 0x0800015f   Thumb Code     0  startup_stm32f103xe.o(.text)
    DMA2_Channel3_IRQHandler                 0x0800015f   Thumb Code     0  startup_stm32f103xe.o(.text)
    DMA2_Channel4_5_IRQHandler               0x0800015f   Thumb Code     0  startup_stm32f103xe.o(.text)
    EXTI0_IRQHandler                         0x0800015f   Thumb Code     0  startup_stm32f103xe.o(.text)
    EXTI15_10_IRQHandler                     0x0800015f   Thumb Code     0  startup_stm32f103xe.o(.text)
    EXTI1_IRQHandler                         0x0800015f   Thumb Code     0  startup_stm32f103xe.o(.text)
    EXTI2_IRQHandler                         0x0800015f   Thumb Code     0  startup_stm32f103xe.o(.text)
    EXTI3_IRQHandler                         0x0800015f   Thumb Code     0  startup_stm32f103xe.o(.text)
    EXTI4_IRQHandler                         0x0800015f   Thumb Code     0  startup_stm32f103xe.o(.text)
    EXTI9_5_IRQHandler                       0x0800015f   Thumb Code     0  startup_stm32f103xe.o(.text)
    FLASH_IRQHandler                         0x0800015f   Thumb Code     0  startup_stm32f103xe.o(.text)
    FSMC_IRQHandler                          0x0800015f   Thumb Code     0  startup_stm32f103xe.o(.text)
    I2C1_ER_IRQHandler                       0x0800015f   Thumb Code     0  startup_stm32f103xe.o(.text)
    I2C1_EV_IRQHandler                       0x0800015f   Thumb Code     0  startup_stm32f103xe.o(.text)
    I2C2_ER_IRQHandler                       0x0800015f   Thumb Code     0  startup_stm32f103xe.o(.text)
    I2C2_EV_IRQHandler                       0x0800015f   Thumb Code     0  startup_stm32f103xe.o(.text)
    PVD_IRQHandler                           0x0800015f   Thumb Code     0  startup_stm32f103xe.o(.text)
    RCC_IRQHandler                           0x0800015f   Thumb Code     0  startup_stm32f103xe.o(.text)
    RTC_Alarm_IRQHandler                     0x0800015f   Thumb Code     0  startup_stm32f103xe.o(.text)
    RTC_IRQHandler                           0x0800015f   Thumb Code     0  startup_stm32f103xe.o(.text)
    SDIO_IRQHandler                          0x0800015f   Thumb Code     0  startup_stm32f103xe.o(.text)
    SPI1_IRQHandler                          0x0800015f   Thumb Code     0  startup_stm32f103xe.o(.text)
    SPI2_IRQHandler                          0x0800015f   Thumb Code     0  startup_stm32f103xe.o(.text)
    SPI3_IRQHandler                          0x0800015f   Thumb Code     0  startup_stm32f103xe.o(.text)
    TAMPER_IRQHandler                        0x0800015f   Thumb Code     0  startup_stm32f103xe.o(.text)
    TIM1_BRK_IRQHandler                      0x0800015f   Thumb Code     0  startup_stm32f103xe.o(.text)
    TIM1_CC_IRQHandler                       0x0800015f   Thumb Code     0  startup_stm32f103xe.o(.text)
    TIM1_TRG_COM_IRQHandler                  0x0800015f   Thumb Code     0  startup_stm32f103xe.o(.text)
    TIM1_UP_IRQHandler                       0x0800015f   Thumb Code     0  startup_stm32f103xe.o(.text)
    TIM3_IRQHandler                          0x0800015f   Thumb Code     0  startup_stm32f103xe.o(.text)
    TIM4_IRQHandler                          0x0800015f   Thumb Code     0  startup_stm32f103xe.o(.text)
    TIM5_IRQHandler                          0x0800015f   Thumb Code     0  startup_stm32f103xe.o(.text)
    TIM6_IRQHandler                          0x0800015f   Thumb Code     0  startup_stm32f103xe.o(.text)
    TIM7_IRQHandler                          0x0800015f   Thumb Code     0  startup_stm32f103xe.o(.text)
    TIM8_BRK_IRQHandler                      0x0800015f   Thumb Code     0  startup_stm32f103xe.o(.text)
    TIM8_CC_IRQHandler                       0x0800015f   Thumb Code     0  startup_stm32f103xe.o(.text)
    TIM8_TRG_COM_IRQHandler                  0x0800015f   Thumb Code     0  startup_stm32f103xe.o(.text)
    TIM8_UP_IRQHandler                       0x0800015f   Thumb Code     0  startup_stm32f103xe.o(.text)
    UART4_IRQHandler                         0x0800015f   Thumb Code     0  startup_stm32f103xe.o(.text)
    UART5_IRQHandler                         0x0800015f   Thumb Code     0  startup_stm32f103xe.o(.text)
    USART2_IRQHandler                        0x0800015f   Thumb Code     0  startup_stm32f103xe.o(.text)
    USBWakeUp_IRQHandler                     0x0800015f   Thumb Code     0  startup_stm32f103xe.o(.text)
    USB_HP_CAN1_TX_IRQHandler                0x0800015f   Thumb Code     0  startup_stm32f103xe.o(.text)
    USB_LP_CAN1_RX0_IRQHandler               0x0800015f   Thumb Code     0  startup_stm32f103xe.o(.text)
    WWDG_IRQHandler                          0x0800015f   Thumb Code     0  startup_stm32f103xe.o(.text)
    __aeabi_llsr                             0x08000169   Thumb Code    32  llushr.o(.text)
    _ll_ushift_r                             0x08000169   Thumb Code     0  llushr.o(.text)
    __aeabi_memcpy                           0x08000189   Thumb Code    36  memcpya.o(.text)
    __aeabi_memcpy4                          0x08000189   Thumb Code     0  memcpya.o(.text)
    __aeabi_memcpy8                          0x08000189   Thumb Code     0  memcpya.o(.text)
    __aeabi_memset                           0x080001ad   Thumb Code    14  memseta.o(.text)
    __aeabi_memset4                          0x080001ad   Thumb Code     0  memseta.o(.text)
    __aeabi_memset8                          0x080001ad   Thumb Code     0  memseta.o(.text)
    __aeabi_memclr                           0x080001bb   Thumb Code     4  memseta.o(.text)
    __aeabi_memclr4                          0x080001bb   Thumb Code     0  memseta.o(.text)
    __aeabi_memclr8                          0x080001bb   Thumb Code     0  memseta.o(.text)
    _memset$wrapper                          0x080001bf   Thumb Code    18  memseta.o(.text)
    strstr                                   0x080001d1   Thumb Code    36  strstr.o(.text)
    strlen                                   0x080001f5   Thumb Code    14  strlen.o(.text)
    strcpy                                   0x08000203   Thumb Code    18  strcpy.o(.text)
    __0sscanf                                0x08000215   Thumb Code    48  __0sscanf.o(.text)
    _scanf_real                              0x08000375   Thumb Code     0  scanf_fp.o(.text)
    _scanf_really_real                       0x08000375   Thumb Code   556  scanf_fp.o(.text)
    __aeabi_dadd                             0x080005ad   Thumb Code   322  dadd.o(.text)
    __aeabi_dsub                             0x080006ef   Thumb Code     6  dadd.o(.text)
    __aeabi_drsub                            0x080006f5   Thumb Code     6  dadd.o(.text)
    __aeabi_ui2d                             0x080006fb   Thumb Code    26  dfltui.o(.text)
    __aeabi_d2iz                             0x08000715   Thumb Code    62  dfixi.o(.text)
    __aeabi_cdcmpeq                          0x08000755   Thumb Code     0  cdcmple.o(.text)
    __aeabi_cdcmple                          0x08000755   Thumb Code    48  cdcmple.o(.text)
    __aeabi_cdrcmple                         0x08000785   Thumb Code    48  cdrcmple.o(.text)
    __aeabi_uidiv                            0x080007b5   Thumb Code     0  uidiv.o(.text)
    __aeabi_uidivmod                         0x080007b5   Thumb Code    44  uidiv.o(.text)
    __aeabi_uldivmod                         0x080007e1   Thumb Code    98  uldiv.o(.text)
    __aeabi_llsl                             0x08000843   Thumb Code    30  llshl.o(.text)
    _ll_shift_l                              0x08000843   Thumb Code     0  llshl.o(.text)
    __aeabi_lasr                             0x08000861   Thumb Code    36  llsshr.o(.text)
    _ll_sshift_r                             0x08000861   Thumb Code     0  llsshr.o(.text)
    __vfscanf_char                           0x08000891   Thumb Code    20  scanf_char.o(.text)
    _sgetc                                   0x080008ad   Thumb Code    30  _sgetc.o(.text)
    _sbackspace                              0x080008cb   Thumb Code    34  _sgetc.o(.text)
    __I$use$fp                               0x080008ed   Thumb Code     0  iusefp.o(.text)
    _double_round                            0x080008ed   Thumb Code    30  depilogue.o(.text)
    _double_epilogue                         0x0800090b   Thumb Code   156  depilogue.o(.text)
    __aeabi_dmul                             0x080009a7   Thumb Code   228  dmul.o(.text)
    __aeabi_ddiv                             0x08000a8b   Thumb Code   222  ddiv.o(.text)
    __aeabi_ul2d                             0x08000b69   Thumb Code    24  dfltul.o(.text)
    __aeabi_d2ulz                            0x08000b81   Thumb Code    48  dfixul.o(.text)
    __aeabi_d2f                              0x08000bb1   Thumb Code    56  d2f.o(.text)
    __scatterload                            0x08000be9   Thumb Code    28  init.o(.text)
    __scatterload_rt2                        0x08000be9   Thumb Code     0  init.o(.text)
    isspace                                  0x08000c0d   Thumb Code    10  isspace_c.o(.text)
    __vfscanf                                0x08000c19   Thumb Code   808  _scanf.o(.text)
    _float_round                             0x08000f45   Thumb Code    18  fepilogue.o(.text)
    _float_epilogue                          0x08000f57   Thumb Code    92  fepilogue.o(.text)
    __ctype_lookup                           0x08000fb5   Thumb Code    34  ctype_c.o(.text)
    BusFault_Handler                         0x08000fdd   Thumb Code     2  stm32f1xx_it.o(i.BusFault_Handler)
    DHT11_Check                              0x08000fe1   Thumb Code    90  dht11.o(i.DHT11_Check)
    DHT11_Init                               0x08001045   Thumb Code    58  dht11.o(i.DHT11_Init)
    DHT11_Read_Bit                           0x08001089   Thumb Code    70  dht11.o(i.DHT11_Read_Bit)
    DHT11_Read_Byte                          0x080010d5   Thumb Code    26  dht11.o(i.DHT11_Read_Byte)
    DHT11_Read_Data                          0x080010ef   Thumb Code    80  dht11.o(i.DHT11_Read_Data)
    DHT11_Rst                                0x08001141   Thumb Code    52  dht11.o(i.DHT11_Rst)
    DebugMon_Handler                         0x0800117d   Thumb Code     2  stm32f1xx_it.o(i.DebugMon_Handler)
    Error_Handler                            0x0800117f   Thumb Code     2  main.o(i.Error_Handler)
    HAL_DMA_Abort_IT                         0x08001181   Thumb Code   296  stm32f1xx_hal_dma.o(i.HAL_DMA_Abort_IT)
    HAL_Delay                                0x080012b1   Thumb Code    32  stm32f1xx_hal.o(i.HAL_Delay)
    HAL_GPIO_Init                            0x080012d5   Thumb Code   462  stm32f1xx_hal_gpio.o(i.HAL_GPIO_Init)
    HAL_GPIO_ReadPin                         0x080014cd   Thumb Code    10  stm32f1xx_hal_gpio.o(i.HAL_GPIO_ReadPin)
    HAL_GPIO_WritePin                        0x080014d7   Thumb Code    10  stm32f1xx_hal_gpio.o(i.HAL_GPIO_WritePin)
    HAL_GetTick                              0x080014e1   Thumb Code     6  stm32f1xx_hal.o(i.HAL_GetTick)
    HAL_IncTick                              0x080014ed   Thumb Code    12  stm32f1xx_hal.o(i.HAL_IncTick)
    HAL_Init                                 0x080014fd   Thumb Code    32  stm32f1xx_hal.o(i.HAL_Init)
    HAL_InitTick                             0x08001521   Thumb Code    54  stm32f1xx_hal.o(i.HAL_InitTick)
    HAL_MspInit                              0x08001561   Thumb Code    52  stm32f1xx_hal_msp.o(i.HAL_MspInit)
    HAL_NVIC_EnableIRQ                       0x0800159d   Thumb Code    26  stm32f1xx_hal_cortex.o(i.HAL_NVIC_EnableIRQ)
    HAL_NVIC_SetPriority                     0x080015b9   Thumb Code    60  stm32f1xx_hal_cortex.o(i.HAL_NVIC_SetPriority)
    HAL_NVIC_SetPriorityGrouping             0x080015f9   Thumb Code    26  stm32f1xx_hal_cortex.o(i.HAL_NVIC_SetPriorityGrouping)
    HAL_RCC_ClockConfig                      0x0800161d   Thumb Code   280  stm32f1xx_hal_rcc.o(i.HAL_RCC_ClockConfig)
    HAL_RCC_GetPCLK1Freq                     0x08001749   Thumb Code    20  stm32f1xx_hal_rcc.o(i.HAL_RCC_GetPCLK1Freq)
    HAL_RCC_GetPCLK2Freq                     0x08001769   Thumb Code    20  stm32f1xx_hal_rcc.o(i.HAL_RCC_GetPCLK2Freq)
    HAL_RCC_GetSysClockFreq                  0x08001789   Thumb Code    74  stm32f1xx_hal_rcc.o(i.HAL_RCC_GetSysClockFreq)
    HAL_RCC_OscConfig                        0x080017f5   Thumb Code   778  stm32f1xx_hal_rcc.o(i.HAL_RCC_OscConfig)
    HAL_SYSTICK_CLKSourceConfig              0x08001b15   Thumb Code    24  stm32f1xx_hal_cortex.o(i.HAL_SYSTICK_CLKSourceConfig)
    HAL_SYSTICK_Config                       0x08001b2d   Thumb Code    40  stm32f1xx_hal_cortex.o(i.HAL_SYSTICK_Config)
    HAL_TIMEx_BreakCallback                  0x08001b55   Thumb Code     2  stm32f1xx_hal_tim_ex.o(i.HAL_TIMEx_BreakCallback)
    HAL_TIMEx_CommutCallback                 0x08001b57   Thumb Code     2  stm32f1xx_hal_tim_ex.o(i.HAL_TIMEx_CommutCallback)
    HAL_TIMEx_MasterConfigSynchronization    0x08001b59   Thumb Code    66  stm32f1xx_hal_tim_ex.o(i.HAL_TIMEx_MasterConfigSynchronization)
    HAL_TIM_Base_Init                        0x08001b9b   Thumb Code    54  stm32f1xx_hal_tim.o(i.HAL_TIM_Base_Init)
    HAL_TIM_Base_MspInit                     0x08001bd1   Thumb Code    50  tim.o(i.HAL_TIM_Base_MspInit)
    HAL_TIM_Base_Start_IT                    0x08001c09   Thumb Code    34  stm32f1xx_hal_tim.o(i.HAL_TIM_Base_Start_IT)
    HAL_TIM_ConfigClockSource                0x08001c2b   Thumb Code   214  stm32f1xx_hal_tim.o(i.HAL_TIM_ConfigClockSource)
    HAL_TIM_IC_CaptureCallback               0x08001d01   Thumb Code     2  stm32f1xx_hal_tim.o(i.HAL_TIM_IC_CaptureCallback)
    HAL_TIM_IRQHandler                       0x08001d03   Thumb Code   358  stm32f1xx_hal_tim.o(i.HAL_TIM_IRQHandler)
    HAL_TIM_OC_DelayElapsedCallback          0x08001e69   Thumb Code     2  stm32f1xx_hal_tim.o(i.HAL_TIM_OC_DelayElapsedCallback)
    HAL_TIM_PWM_PulseFinishedCallback        0x08001e6b   Thumb Code     2  stm32f1xx_hal_tim.o(i.HAL_TIM_PWM_PulseFinishedCallback)
    HAL_TIM_PeriodElapsedCallback            0x08001e6d   Thumb Code    68  tim.o(i.HAL_TIM_PeriodElapsedCallback)
    HAL_TIM_TriggerCallback                  0x08001ebd   Thumb Code     2  stm32f1xx_hal_tim.o(i.HAL_TIM_TriggerCallback)
    HAL_UART_ErrorCallback                   0x08001ebf   Thumb Code     2  stm32f1xx_hal_uart.o(i.HAL_UART_ErrorCallback)
    HAL_UART_IRQHandler                      0x08001ec1   Thumb Code   266  stm32f1xx_hal_uart.o(i.HAL_UART_IRQHandler)
    HAL_UART_Init                            0x08001fd1   Thumb Code    98  stm32f1xx_hal_uart.o(i.HAL_UART_Init)
    HAL_UART_MspInit                         0x08002035   Thumb Code   268  usart.o(i.HAL_UART_MspInit)
    HAL_UART_Receive_IT                      0x0800215d   Thumb Code    82  stm32f1xx_hal_uart.o(i.HAL_UART_Receive_IT)
    HAL_UART_RxCpltCallback                  0x080021b1   Thumb Code    62  usart.o(i.HAL_UART_RxCpltCallback)
    HAL_UART_Transmit_IT                     0x08002201   Thumb Code    62  stm32f1xx_hal_uart.o(i.HAL_UART_Transmit_IT)
    HAL_UART_TxCpltCallback                  0x0800223f   Thumb Code     2  stm32f1xx_hal_uart.o(i.HAL_UART_TxCpltCallback)
    HardFault_Handler                        0x08002241   Thumb Code     2  stm32f1xx_it.o(i.HardFault_Handler)
    IOT_baidu_connect                        0x08002245   Thumb Code   250  iot_baidu.o(i.IOT_baidu_connect)
    IOT_baidu_connect_publish                0x08002441   Thumb Code   164  iot_baidu.o(i.IOT_baidu_connect_publish)
    MQTTDeserialize_ack                      0x0800250d   Thumb Code    72  mqttdeserializepublish.o(i.MQTTDeserialize_ack)
    MQTTDeserialize_connack                  0x08002555   Thumb Code    92  mqttconnectclient.o(i.MQTTDeserialize_connack)
    MQTTPacket_decode                        0x080025b1   Thumb Code    54  mqttpacket.o(i.MQTTPacket_decode)
    MQTTPacket_decodeBuf                     0x080025e9   Thumb Code    10  mqttpacket.o(i.MQTTPacket_decodeBuf)
    MQTTPacket_encode                        0x080025fd   Thumb Code    42  mqttpacket.o(i.MQTTPacket_encode)
    MQTTPacket_len                           0x08002629   Thumb Code    34  mqttpacket.o(i.MQTTPacket_len)
    MQTTPacket_read                          0x08002651   Thumb Code    78  mqttpacket.o(i.MQTTPacket_read)
    MQTTSerialize_connect                    0x080026a1   Thumb Code   262  mqttconnectclient.o(i.MQTTSerialize_connect)
    MQTTSerialize_connectLength              0x080027b9   Thumb Code   118  mqttconnectclient.o(i.MQTTSerialize_connectLength)
    MQTTSerialize_publish                    0x0800282f   Thumb Code   134  mqttserializepublish.o(i.MQTTSerialize_publish)
    MQTTSerialize_publishLength              0x080028b5   Thumb Code    30  mqttserializepublish.o(i.MQTTSerialize_publishLength)
    MQTTstrlen                               0x080028d3   Thumb Code    14  mqttpacket.o(i.MQTTstrlen)
    MX_GPIO_Init                             0x080028e1   Thumb Code   134  gpio.o(i.MX_GPIO_Init)
    MX_TIM2_Init                             0x08002971   Thumb Code    98  tim.o(i.MX_TIM2_Init)
    MX_USART1_UART_Init                      0x080029d9   Thumb Code    48  usart.o(i.MX_USART1_UART_Init)
    MX_USART3_UART_Init                      0x08002a11   Thumb Code    48  usart.o(i.MX_USART3_UART_Init)
    MemManage_Handler                        0x08002a49   Thumb Code     2  stm32f1xx_it.o(i.MemManage_Handler)
    NMI_Handler                              0x08002a4b   Thumb Code     2  stm32f1xx_it.o(i.NMI_Handler)
    PendSV_Handler                           0x08002a4d   Thumb Code     2  stm32f1xx_it.o(i.PendSV_Handler)
    SVC_Handler                              0x08002a4f   Thumb Code     2  stm32f1xx_it.o(i.SVC_Handler)
    SysTick_Handler                          0x08002a51   Thumb Code     4  stm32f1xx_it.o(i.SysTick_Handler)
    SystemClock_Config                       0x08002a55   Thumb Code    78  main.o(i.SystemClock_Config)
    SystemInit                               0x08002aa5   Thumb Code    56  system_stm32f1xx.o(i.SystemInit)
    TIM2_IRQHandler                          0x08002aed   Thumb Code     6  stm32f1xx_it.o(i.TIM2_IRQHandler)
    TIM_Base_SetConfig                       0x08002af9   Thumb Code   120  stm32f1xx_hal_tim.o(i.TIM_Base_SetConfig)
    TIM_ETR_SetConfig                        0x08002b85   Thumb Code    20  stm32f1xx_hal_tim.o(i.TIM_ETR_SetConfig)
    USART1_IRQHandler                        0x08002dcd   Thumb Code     6  stm32f1xx_it.o(i.USART1_IRQHandler)
    USART3_IRQHandler                        0x08002dd9   Thumb Code    22  stm32f1xx_it.o(i.USART3_IRQHandler)
    UsageFault_Handler                       0x08002df9   Thumb Code     2  stm32f1xx_it.o(i.UsageFault_Handler)
    __0sprintf                               0x08002dfd   Thumb Code    34  printfa.o(i.__0sprintf)
    __1sprintf                               0x08002dfd   Thumb Code     0  printfa.o(i.__0sprintf)
    __2sprintf                               0x08002dfd   Thumb Code     0  printfa.o(i.__0sprintf)
    __c89sprintf                             0x08002dfd   Thumb Code     0  printfa.o(i.__0sprintf)
    sprintf                                  0x08002dfd   Thumb Code     0  printfa.o(i.__0sprintf)
    __0vsprintf                              0x08002e25   Thumb Code    30  printfa.o(i.__0vsprintf)
    __1vsprintf                              0x08002e25   Thumb Code     0  printfa.o(i.__0vsprintf)
    __2vsprintf                              0x08002e25   Thumb Code     0  printfa.o(i.__0vsprintf)
    __c89vsprintf                            0x08002e25   Thumb Code     0  printfa.o(i.__0vsprintf)
    vsprintf                                 0x08002e25   Thumb Code     0  printfa.o(i.__0vsprintf)
    free                                     0x08002e69   Thumb Code    88  mallocr.o(i.__free$realloc)
    malloc                                   0x08002ec5   Thumb Code    64  mallocr.o(i.__malloc$realloc)
    __scatterload_copy                       0x08002f15   Thumb Code    14  handlers.o(i.__scatterload_copy)
    __scatterload_null                       0x08002f23   Thumb Code     2  handlers.o(i.__scatterload_null)
    __scatterload_zeroinit                   0x08002f25   Thumb Code    14  handlers.o(i.__scatterload_zeroinit)
    _is_digit                                0x080030b9   Thumb Code    14  scanf_fp.o(i._is_digit)
    bufchar                                  0x0800388d   Thumb Code    30  mqttpacket.o(i.bufchar)
    cJSON_AddItemToObject                    0x080038b1   Thumb Code    14  cjson.o(i.cJSON_AddItemToObject)
    cJSON_AddNumberToObject                  0x080038c5   Thumb Code    46  cjson.o(i.cJSON_AddNumberToObject)
    cJSON_AddStringToObject                  0x080038f9   Thumb Code    44  cjson.o(i.cJSON_AddStringToObject)
    cJSON_CreateNumber                       0x08003929   Thumb Code    78  cjson.o(i.cJSON_CreateNumber)
    cJSON_CreateObject                       0x08003989   Thumb Code    18  cjson.o(i.cJSON_CreateObject)
    cJSON_CreateString                       0x080039a1   Thumb Code    44  cjson.o(i.cJSON_CreateString)
    cJSON_Delete                             0x080039d1   Thumb Code    66  cjson.o(i.cJSON_Delete)
    cJSON_Print                              0x08003a31   Thumb Code     8  cjson.o(i.cJSON_Print)
    delay_init                               0x08003a89   Thumb Code    16  delay.o(i.delay_init)
    delay_ms                                 0x08003a9d   Thumb Code    26  delay.o(i.delay_ms)
    delay_us                                 0x08003ab9   Thumb Code    48  delay.o(i.delay_us)
    esp8266_Connect_AP                       0x08003b79   Thumb Code    78  esp8266.o(i.esp8266_Connect_AP)
    esp8266_Connect_IOTServer                0x08003c25   Thumb Code   478  esp8266.o(i.esp8266_Connect_IOTServer)
    esp8266_Connect_Server                   0x08004199   Thumb Code    78  esp8266.o(i.esp8266_Connect_Server)
    esp8266_check_cmd                        0x08004269   Thumb Code    44  esp8266.o(i.esp8266_check_cmd)
    esp8266_quit_trans                       0x080042a5   Thumb Code    68  esp8266.o(i.esp8266_quit_trans)
    esp8266_send_cmd                         0x080042f5   Thumb Code    90  esp8266.o(i.esp8266_send_cmd)
    main                                     0x080043bd   Thumb Code   286  main.o(i.main)
    readChar                                 0x08004abd   Thumb Code    12  mqttpacket.o(i.readChar)
    readInt                                  0x08004ac9   Thumb Code    18  mqttpacket.o(i.readInt)
    realloc                                  0x08004add   Thumb Code   102  mallocr.o(i.realloc)
    transport_getdata                        0x08004b49   Thumb Code    42  transport.o(i.transport_getdata)
    transport_sendPacketBuffer               0x08004b7d   Thumb Code    36  transport.o(i.transport_sendPacketBuffer)
    u1_printf                                0x08004bad   Thumb Code    56  usart.o(i.u1_printf)
    u3_printf                                0x08004bed   Thumb Code    56  usart.o(i.u3_printf)
    utils_hb2hex                             0x08004c49   Thumb Code    18  utils_md5.o(i.utils_hb2hex)
    utils_hmac_sha1                          0x08004c5b   Thumb Code   214  utils_hmac.o(i.utils_hmac_sha1)
    utils_sha1_finish                        0x08004d31   Thumb Code   212  utils_sha1.o(i.utils_sha1_finish)
    utils_sha1_init                          0x08004e09   Thumb Code     6  utils_sha1.o(i.utils_sha1_init)
    utils_sha1_process                       0x08004e11   Thumb Code  4670  utils_sha1.o(i.utils_sha1_process)
    utils_sha1_starts                        0x08006051   Thumb Code    32  utils_sha1.o(i.utils_sha1_starts)
    utils_sha1_update                        0x0800607d   Thumb Code   112  utils_sha1.o(i.utils_sha1_update)
    writeCString                             0x080060ed   Thumb Code    40  mqttpacket.o(i.writeCString)
    writeChar                                0x08006115   Thumb Code    12  mqttpacket.o(i.writeChar)
    writeInt                                 0x08006121   Thumb Code    30  mqttpacket.o(i.writeInt)
    writeMQTTString                          0x0800613f   Thumb Code    54  mqttpacket.o(i.writeMQTTString)
    AHBPrescTable                            0x08006174   Data          16  system_stm32f1xx.o(.constdata)
    APBPrescTable                            0x08006184   Data           8  system_stm32f1xx.o(.constdata)
    __ctype_categories                       0x08006224   Data          64  ctype_c.o(.constdata)
    Region$$Table$$Base                      0x08006264   Number         0  anon$$obj.o(Region$$Table)
    Region$$Table$$Limit                     0x08006284   Number         0  anon$$obj.o(Region$$Table)
    KEY_STATUS                               0x20000000   Data           1  main.o(.data)
    temp_rx                                  0x20000002   Data           1  usart.o(.data)
    USART3_RX_STA                            0x20000004   Data           2  usart.o(.data)
    uwTickFreq                               0x20000008   Data           1  stm32f1xx_hal.o(.data)
    uwTickPrio                               0x2000000c   Data           4  stm32f1xx_hal.o(.data)
    uwTick                                   0x20000010   Data           4  stm32f1xx_hal.o(.data)
    SystemCoreClock                          0x20000014   Data           4  system_stm32f1xx.o(.data)
    Username_len                             0x2000001d   Data           1  iot_baidu.o(.data)
    Password_len                             0x2000001e   Data           1  iot_baidu.o(.data)
    buflen                                   0x20000020   Data           2  iot_baidu.o(.data)
    __microlib_freelist                      0x2000003c   Data           4  mvars.o(.data)
    __microlib_freelist_initialised          0x20000040   Data           4  mvars.o(.data)
    htim2                                    0x20000044   Data          64  tim.o(.bss)
    USART3_RX_BUF                            0x20000084   Data         800  usart.o(.bss)
    USART3_TX_BUF                            0x200003a4   Data         800  usart.o(.bss)
    USART1_TX_BUF                            0x200006c4   Data         100  usart.o(.bss)
    huart1                                   0x20000728   Data          64  usart.o(.bss)
    huart3                                   0x20000768   Data          64  usart.o(.bss)
    buf                                      0x200007a8   Data         800  iot_baidu.o(.bss)
    ClientID                                 0x20000ac8   Data         128  iot_baidu.o(.bss)
    Username                                 0x20000b48   Data         128  iot_baidu.o(.bss)
    Password                                 0x20000bc8   Data         128  iot_baidu.o(.bss)
    __heap_base                              0x20000c48   Data           0  startup_stm32f103xe.o(HEAP)
    __heap_limit                             0x20001448   Data           0  startup_stm32f103xe.o(HEAP)
    __initial_sp                             0x20001c48   Data           0  startup_stm32f103xe.o(STACK)



==============================================================================

Memory Map of the image

  Image Entry point : 0x08000131

  Load Region LR_IROM1 (Base: 0x08000000, Size: 0x000062c8, Max: 0x00080000, ABSOLUTE)

    Execution Region ER_IROM1 (Exec base: 0x08000000, Load base: 0x08000000, Size: 0x00006284, Max: 0x00080000, ABSOLUTE)

    Exec Addr    Load Addr    Size         Type   Attr      Idx    E Section Name        Object

    0x08000000   0x08000000   0x00000130   Data   RO            3    RESET               startup_stm32f103xe.o
    0x08000130   0x08000130   0x00000000   Code   RO         4201  * .ARM.Collect$$$$00000000  mc_w.l(entry.o)
    0x08000130   0x08000130   0x00000004   Code   RO         4535    .ARM.Collect$$$$00000001  mc_w.l(entry2.o)
    0x08000134   0x08000134   0x00000004   Code   RO         4538    .ARM.Collect$$$$00000004  mc_w.l(entry5.o)
    0x08000138   0x08000138   0x00000000   Code   RO         4540    .ARM.Collect$$$$00000008  mc_w.l(entry7b.o)
    0x08000138   0x08000138   0x00000000   Code   RO         4542    .ARM.Collect$$$$0000000A  mc_w.l(entry8b.o)
    0x08000138   0x08000138   0x00000008   Code   RO         4543    .ARM.Collect$$$$0000000B  mc_w.l(entry9a.o)
    0x08000140   0x08000140   0x00000000   Code   RO         4545    .ARM.Collect$$$$0000000D  mc_w.l(entry10a.o)
    0x08000140   0x08000140   0x00000000   Code   RO         4547    .ARM.Collect$$$$0000000F  mc_w.l(entry11a.o)
    0x08000140   0x08000140   0x00000004   Code   RO         4536    .ARM.Collect$$$$00002712  mc_w.l(entry2.o)
    0x08000144   0x08000144   0x00000024   Code   RO            4    .text               startup_stm32f103xe.o
    0x08000168   0x08000168   0x00000020   Code   RO         4204    .text               mc_w.l(llushr.o)
    0x08000188   0x08000188   0x00000024   Code   RO         4208    .text               mc_w.l(memcpya.o)
    0x080001ac   0x080001ac   0x00000024   Code   RO         4210    .text               mc_w.l(memseta.o)
    0x080001d0   0x080001d0   0x00000024   Code   RO         4212    .text               mc_w.l(strstr.o)
    0x080001f4   0x080001f4   0x0000000e   Code   RO         4214    .text               mc_w.l(strlen.o)
    0x08000202   0x08000202   0x00000012   Code   RO         4220    .text               mc_w.l(strcpy.o)
    0x08000214   0x08000214   0x00000038   Code   RO         4515    .text               mc_w.l(__0sscanf.o)
    0x0800024c   0x0800024c   0x00000360   Code   RO         4517    .text               mc_w.l(scanf_fp.o)
    0x080005ac   0x080005ac   0x0000014e   Code   RO         4521    .text               mf_w.l(dadd.o)
    0x080006fa   0x080006fa   0x0000001a   Code   RO         4525    .text               mf_w.l(dfltui.o)
    0x08000714   0x08000714   0x0000003e   Code   RO         4527    .text               mf_w.l(dfixi.o)
    0x08000752   0x08000752   0x00000002   PAD
    0x08000754   0x08000754   0x00000030   Code   RO         4531    .text               mf_w.l(cdcmple.o)
    0x08000784   0x08000784   0x00000030   Code   RO         4533    .text               mf_w.l(cdrcmple.o)
    0x080007b4   0x080007b4   0x0000002c   Code   RO         4552    .text               mc_w.l(uidiv.o)
    0x080007e0   0x080007e0   0x00000062   Code   RO         4554    .text               mc_w.l(uldiv.o)
    0x08000842   0x08000842   0x0000001e   Code   RO         4556    .text               mc_w.l(llshl.o)
    0x08000860   0x08000860   0x00000024   Code   RO         4558    .text               mc_w.l(llsshr.o)
    0x08000884   0x08000884   0x00000028   Code   RO         4562    .text               mc_w.l(scanf_char.o)
    0x080008ac   0x080008ac   0x00000040   Code   RO         4564    .text               mc_w.l(_sgetc.o)
    0x080008ec   0x080008ec   0x00000000   Code   RO         4568    .text               mc_w.l(iusefp.o)
    0x080008ec   0x080008ec   0x000000ba   Code   RO         4569    .text               mf_w.l(depilogue.o)
    0x080009a6   0x080009a6   0x000000e4   Code   RO         4571    .text               mf_w.l(dmul.o)
    0x08000a8a   0x08000a8a   0x000000de   Code   RO         4573    .text               mf_w.l(ddiv.o)
    0x08000b68   0x08000b68   0x00000018   Code   RO         4575    .text               mf_w.l(dfltul.o)
    0x08000b80   0x08000b80   0x00000030   Code   RO         4577    .text               mf_w.l(dfixul.o)
    0x08000bb0   0x08000bb0   0x00000038   Code   RO         4579    .text               mf_w.l(d2f.o)
    0x08000be8   0x08000be8   0x00000024   Code   RO         4581    .text               mc_w.l(init.o)
    0x08000c0c   0x08000c0c   0x0000000a   Code   RO         4584    .text               mc_w.l(isspace_c.o)
    0x08000c16   0x08000c16   0x00000002   PAD
    0x08000c18   0x08000c18   0x0000032c   Code   RO         4586    .text               mc_w.l(_scanf.o)
    0x08000f44   0x08000f44   0x0000006e   Code   RO         4589    .text               mf_w.l(fepilogue.o)
    0x08000fb2   0x08000fb2   0x00000002   PAD
    0x08000fb4   0x08000fb4   0x00000028   Code   RO         4591    .text               mc_w.l(ctype_c.o)
    0x08000fdc   0x08000fdc   0x00000002   Code   RO          429    i.BusFault_Handler  stm32f1xx_it.o
    0x08000fde   0x08000fde   0x00000002   PAD
    0x08000fe0   0x08000fe0   0x00000064   Code   RO         4143    i.DHT11_Check       dht11.o
    0x08001044   0x08001044   0x00000044   Code   RO         4144    i.DHT11_Init        dht11.o
    0x08001088   0x08001088   0x0000004c   Code   RO         4145    i.DHT11_Read_Bit    dht11.o
    0x080010d4   0x080010d4   0x0000001a   Code   RO         4146    i.DHT11_Read_Byte   dht11.o
    0x080010ee   0x080010ee   0x00000050   Code   RO         4147    i.DHT11_Read_Data   dht11.o
    0x0800113e   0x0800113e   0x00000002   PAD
    0x08001140   0x08001140   0x0000003c   Code   RO         4148    i.DHT11_Rst         dht11.o
    0x0800117c   0x0800117c   0x00000002   Code   RO          430    i.DebugMon_Handler  stm32f1xx_it.o
    0x0800117e   0x0800117e   0x00000002   Code   RO          176    i.Error_Handler     main.o
    0x08001180   0x08001180   0x00000130   Code   RO         1890    i.HAL_DMA_Abort_IT  stm32f1xx_hal_dma.o
    0x080012b0   0x080012b0   0x00000024   Code   RO         1517    i.HAL_Delay         stm32f1xx_hal.o
    0x080012d4   0x080012d4   0x000001f8   Code   RO         1825    i.HAL_GPIO_Init     stm32f1xx_hal_gpio.o
    0x080014cc   0x080014cc   0x0000000a   Code   RO         1827    i.HAL_GPIO_ReadPin  stm32f1xx_hal_gpio.o
    0x080014d6   0x080014d6   0x0000000a   Code   RO         1829    i.HAL_GPIO_WritePin  stm32f1xx_hal_gpio.o
    0x080014e0   0x080014e0   0x0000000c   Code   RO         1521    i.HAL_GetTick       stm32f1xx_hal.o
    0x080014ec   0x080014ec   0x00000010   Code   RO         1527    i.HAL_IncTick       stm32f1xx_hal.o
    0x080014fc   0x080014fc   0x00000024   Code   RO         1528    i.HAL_Init          stm32f1xx_hal.o
    0x08001520   0x08001520   0x00000040   Code   RO         1529    i.HAL_InitTick      stm32f1xx_hal.o
    0x08001560   0x08001560   0x0000003c   Code   RO          522    i.HAL_MspInit       stm32f1xx_hal_msp.o
    0x0800159c   0x0800159c   0x0000001a   Code   RO         1985    i.HAL_NVIC_EnableIRQ  stm32f1xx_hal_cortex.o
    0x080015b6   0x080015b6   0x00000002   PAD
    0x080015b8   0x080015b8   0x00000040   Code   RO         1991    i.HAL_NVIC_SetPriority  stm32f1xx_hal_cortex.o
    0x080015f8   0x080015f8   0x00000024   Code   RO         1992    i.HAL_NVIC_SetPriorityGrouping  stm32f1xx_hal_cortex.o
    0x0800161c   0x0800161c   0x0000012c   Code   RO         1685    i.HAL_RCC_ClockConfig  stm32f1xx_hal_rcc.o
    0x08001748   0x08001748   0x00000020   Code   RO         1692    i.HAL_RCC_GetPCLK1Freq  stm32f1xx_hal_rcc.o
    0x08001768   0x08001768   0x00000020   Code   RO         1693    i.HAL_RCC_GetPCLK2Freq  stm32f1xx_hal_rcc.o
    0x08001788   0x08001788   0x0000006c   Code   RO         1694    i.HAL_RCC_GetSysClockFreq  stm32f1xx_hal_rcc.o
    0x080017f4   0x080017f4   0x00000320   Code   RO         1697    i.HAL_RCC_OscConfig  stm32f1xx_hal_rcc.o
    0x08001b14   0x08001b14   0x00000018   Code   RO         1994    i.HAL_SYSTICK_CLKSourceConfig  stm32f1xx_hal_cortex.o
    0x08001b2c   0x08001b2c   0x00000028   Code   RO         1996    i.HAL_SYSTICK_Config  stm32f1xx_hal_cortex.o
    0x08001b54   0x08001b54   0x00000002   Code   RO         1259    i.HAL_TIMEx_BreakCallback  stm32f1xx_hal_tim_ex.o
    0x08001b56   0x08001b56   0x00000002   Code   RO         1260    i.HAL_TIMEx_CommutCallback  stm32f1xx_hal_tim_ex.o
    0x08001b58   0x08001b58   0x00000042   Code   RO         1277    i.HAL_TIMEx_MasterConfigSynchronization  stm32f1xx_hal_tim_ex.o
    0x08001b9a   0x08001b9a   0x00000036   Code   RO          584    i.HAL_TIM_Base_Init  stm32f1xx_hal_tim.o
    0x08001bd0   0x08001bd0   0x00000038   Code   RO          308    i.HAL_TIM_Base_MspInit  tim.o
    0x08001c08   0x08001c08   0x00000022   Code   RO          589    i.HAL_TIM_Base_Start_IT  stm32f1xx_hal_tim.o
    0x08001c2a   0x08001c2a   0x000000d6   Code   RO          593    i.HAL_TIM_ConfigClockSource  stm32f1xx_hal_tim.o
    0x08001d00   0x08001d00   0x00000002   Code   RO          613    i.HAL_TIM_IC_CaptureCallback  stm32f1xx_hal_tim.o
    0x08001d02   0x08001d02   0x00000166   Code   RO          627    i.HAL_TIM_IRQHandler  stm32f1xx_hal_tim.o
    0x08001e68   0x08001e68   0x00000002   Code   RO          630    i.HAL_TIM_OC_DelayElapsedCallback  stm32f1xx_hal_tim.o
    0x08001e6a   0x08001e6a   0x00000002   Code   RO          657    i.HAL_TIM_PWM_PulseFinishedCallback  stm32f1xx_hal_tim.o
    0x08001e6c   0x08001e6c   0x00000050   Code   RO          309    i.HAL_TIM_PeriodElapsedCallback  tim.o
    0x08001ebc   0x08001ebc   0x00000002   Code   RO          670    i.HAL_TIM_TriggerCallback  stm32f1xx_hal_tim.o
    0x08001ebe   0x08001ebe   0x00000002   Code   RO         2506    i.HAL_UART_ErrorCallback  stm32f1xx_hal_uart.o
    0x08001ec0   0x08001ec0   0x00000110   Code   RO         2509    i.HAL_UART_IRQHandler  stm32f1xx_hal_uart.o
    0x08001fd0   0x08001fd0   0x00000062   Code   RO         2510    i.HAL_UART_Init     stm32f1xx_hal_uart.o
    0x08002032   0x08002032   0x00000002   PAD
    0x08002034   0x08002034   0x00000128   Code   RO          356    i.HAL_UART_MspInit  usart.o
    0x0800215c   0x0800215c   0x00000052   Code   RO         2515    i.HAL_UART_Receive_IT  stm32f1xx_hal_uart.o
    0x080021ae   0x080021ae   0x00000002   PAD
    0x080021b0   0x080021b0   0x00000050   Code   RO          357    i.HAL_UART_RxCpltCallback  usart.o
    0x08002200   0x08002200   0x0000003e   Code   RO         2520    i.HAL_UART_Transmit_IT  stm32f1xx_hal_uart.o
    0x0800223e   0x0800223e   0x00000002   Code   RO         2521    i.HAL_UART_TxCpltCallback  stm32f1xx_hal_uart.o
    0x08002240   0x08002240   0x00000002   Code   RO          431    i.HardFault_Handler  stm32f1xx_it.o
    0x08002242   0x08002242   0x00000002   PAD
    0x08002244   0x08002244   0x000001fc   Code   RO         3304    i.IOT_baidu_connect  iot_baidu.o
    0x08002440   0x08002440   0x000000cc   Code   RO         3305    i.IOT_baidu_connect_publish  iot_baidu.o
    0x0800250c   0x0800250c   0x00000048   Code   RO         2940    i.MQTTDeserialize_ack  mqttdeserializepublish.o
    0x08002554   0x08002554   0x0000005c   Code   RO         2846    i.MQTTDeserialize_connack  mqttconnectclient.o
    0x080025b0   0x080025b0   0x00000036   Code   RO         3016    i.MQTTPacket_decode  mqttpacket.o
    0x080025e6   0x080025e6   0x00000002   PAD
    0x080025e8   0x080025e8   0x00000014   Code   RO         3017    i.MQTTPacket_decodeBuf  mqttpacket.o
    0x080025fc   0x080025fc   0x0000002a   Code   RO         3018    i.MQTTPacket_encode  mqttpacket.o
    0x08002626   0x08002626   0x00000002   PAD
    0x08002628   0x08002628   0x00000028   Code   RO         3020    i.MQTTPacket_len    mqttpacket.o
    0x08002650   0x08002650   0x0000004e   Code   RO         3021    i.MQTTPacket_read   mqttpacket.o
    0x0800269e   0x0800269e   0x00000002   PAD
    0x080026a0   0x080026a0   0x00000118   Code   RO         2847    i.MQTTSerialize_connect  mqttconnectclient.o
    0x080027b8   0x080027b8   0x00000076   Code   RO         2848    i.MQTTSerialize_connectLength  mqttconnectclient.o
    0x0800282e   0x0800282e   0x00000086   Code   RO         3127    i.MQTTSerialize_publish  mqttserializepublish.o
    0x080028b4   0x080028b4   0x0000001e   Code   RO         3128    i.MQTTSerialize_publishLength  mqttserializepublish.o
    0x080028d2   0x080028d2   0x0000000e   Code   RO         3023    i.MQTTstrlen        mqttpacket.o
    0x080028e0   0x080028e0   0x00000090   Code   RO          259    i.MX_GPIO_Init      gpio.o
    0x08002970   0x08002970   0x00000068   Code   RO          310    i.MX_TIM2_Init      tim.o
    0x080029d8   0x080029d8   0x00000038   Code   RO          358    i.MX_USART1_UART_Init  usart.o
    0x08002a10   0x08002a10   0x00000038   Code   RO          359    i.MX_USART3_UART_Init  usart.o
    0x08002a48   0x08002a48   0x00000002   Code   RO          432    i.MemManage_Handler  stm32f1xx_it.o
    0x08002a4a   0x08002a4a   0x00000002   Code   RO          433    i.NMI_Handler       stm32f1xx_it.o
    0x08002a4c   0x08002a4c   0x00000002   Code   RO          434    i.PendSV_Handler    stm32f1xx_it.o
    0x08002a4e   0x08002a4e   0x00000002   Code   RO          435    i.SVC_Handler       stm32f1xx_it.o
    0x08002a50   0x08002a50   0x00000004   Code   RO          436    i.SysTick_Handler   stm32f1xx_it.o
    0x08002a54   0x08002a54   0x0000004e   Code   RO          177    i.SystemClock_Config  main.o
    0x08002aa2   0x08002aa2   0x00000002   PAD
    0x08002aa4   0x08002aa4   0x00000048   Code   RO         2812    i.SystemInit        system_stm32f1xx.o
    0x08002aec   0x08002aec   0x0000000c   Code   RO          437    i.TIM2_IRQHandler   stm32f1xx_it.o
    0x08002af8   0x08002af8   0x0000008c   Code   RO          672    i.TIM_Base_SetConfig  stm32f1xx_hal_tim.o
    0x08002b84   0x08002b84   0x00000014   Code   RO          683    i.TIM_ETR_SetConfig  stm32f1xx_hal_tim.o
    0x08002b98   0x08002b98   0x00000010   Code   RO          684    i.TIM_ITRx_SetConfig  stm32f1xx_hal_tim.o
    0x08002ba8   0x08002ba8   0x00000022   Code   RO          690    i.TIM_TI1_ConfigInputStage  stm32f1xx_hal_tim.o
    0x08002bca   0x08002bca   0x00000024   Code   RO          692    i.TIM_TI2_ConfigInputStage  stm32f1xx_hal_tim.o
    0x08002bee   0x08002bee   0x00000010   Code   RO         2523    i.UART_DMAAbortOnError  stm32f1xx_hal_uart.o
    0x08002bfe   0x08002bfe   0x0000001c   Code   RO         2533    i.UART_EndRxTransfer  stm32f1xx_hal_uart.o
    0x08002c1a   0x08002c1a   0x00000096   Code   RO         2535    i.UART_Receive_IT   stm32f1xx_hal_uart.o
    0x08002cb0   0x08002cb0   0x000000b8   Code   RO         2536    i.UART_SetConfig    stm32f1xx_hal_uart.o
    0x08002d68   0x08002d68   0x00000062   Code   RO         2537    i.UART_Transmit_IT  stm32f1xx_hal_uart.o
    0x08002dca   0x08002dca   0x00000002   PAD
    0x08002dcc   0x08002dcc   0x0000000c   Code   RO          438    i.USART1_IRQHandler  stm32f1xx_it.o
    0x08002dd8   0x08002dd8   0x00000020   Code   RO          439    i.USART3_IRQHandler  stm32f1xx_it.o
    0x08002df8   0x08002df8   0x00000002   Code   RO          440    i.UsageFault_Handler  stm32f1xx_it.o
    0x08002dfa   0x08002dfa   0x00000002   PAD
    0x08002dfc   0x08002dfc   0x00000028   Code   RO         4461    i.__0sprintf        mc_w.l(printfa.o)
    0x08002e24   0x08002e24   0x00000024   Code   RO         4465    i.__0vsprintf       mc_w.l(printfa.o)
    0x08002e48   0x08002e48   0x00000020   Code   RO         1998    i.__NVIC_SetPriority  stm32f1xx_hal_cortex.o
    0x08002e68   0x08002e68   0x0000005c   Code   RO         4491    i.__free$realloc    mc_w.l(mallocr.o)
    0x08002ec4   0x08002ec4   0x00000050   Code   RO         4492    i.__malloc$realloc  mc_w.l(mallocr.o)
    0x08002f14   0x08002f14   0x0000000e   Code   RO         4596    i.__scatterload_copy  mc_w.l(handlers.o)
    0x08002f22   0x08002f22   0x00000002   Code   RO         4597    i.__scatterload_null  mc_w.l(handlers.o)
    0x08002f24   0x08002f24   0x0000000e   Code   RO         4598    i.__scatterload_zeroinit  mc_w.l(handlers.o)
    0x08002f32   0x08002f32   0x00000002   PAD
    0x08002f34   0x08002f34   0x00000184   Code   RO         4466    i._fp_digits        mc_w.l(printfa.o)
    0x080030b8   0x080030b8   0x0000000e   Code   RO         4519    i._is_digit         mc_w.l(scanf_fp.o)
    0x080030c6   0x080030c6   0x00000002   PAD
    0x080030c8   0x080030c8   0x000006dc   Code   RO         4467    i._printf_core      mc_w.l(printfa.o)
    0x080037a4   0x080037a4   0x00000024   Code   RO         4468    i._printf_post_padding  mc_w.l(printfa.o)
    0x080037c8   0x080037c8   0x0000002e   Code   RO         4469    i._printf_pre_padding  mc_w.l(printfa.o)
    0x080037f6   0x080037f6   0x0000000a   Code   RO         4471    i._sputc            mc_w.l(printfa.o)
    0x08003800   0x08003800   0x00000034   Code   RO         3503    i.add_item_to_array  cjson.o
    0x08003834   0x08003834   0x00000056   Code   RO         3504    i.add_item_to_object  cjson.o
    0x0800388a   0x0800388a   0x00000002   PAD
    0x0800388c   0x0800388c   0x00000024   Code   RO         3024    i.bufchar           mqttpacket.o
    0x080038b0   0x080038b0   0x00000014   Code   RO         3512    i.cJSON_AddItemToObject  cjson.o
    0x080038c4   0x080038c4   0x00000034   Code   RO         3515    i.cJSON_AddNumberToObject  cjson.o
    0x080038f8   0x080038f8   0x00000030   Code   RO         3518    i.cJSON_AddStringToObject  cjson.o
    0x08003928   0x08003928   0x00000060   Code   RO         3529    i.cJSON_CreateNumber  cjson.o
    0x08003988   0x08003988   0x00000018   Code   RO         3530    i.cJSON_CreateObject  cjson.o
    0x080039a0   0x080039a0   0x00000030   Code   RO         3533    i.cJSON_CreateString  cjson.o
    0x080039d0   0x080039d0   0x00000048   Code   RO         3537    i.cJSON_Delete      cjson.o
    0x08003a18   0x08003a18   0x00000016   Code   RO         3566    i.cJSON_New_Item    cjson.o
    0x08003a2e   0x08003a2e   0x00000002   PAD
    0x08003a30   0x08003a30   0x0000000c   Code   RO         3569    i.cJSON_Print       cjson.o
    0x08003a3c   0x08003a3c   0x00000028   Code   RO         3581    i.cJSON_strdup      cjson.o
    0x08003a64   0x08003a64   0x00000024   Code   RO         3582    i.compare_double    cjson.o
    0x08003a88   0x08003a88   0x00000014   Code   RO         4102    i.delay_init        delay.o
    0x08003a9c   0x08003a9c   0x0000001a   Code   RO         4103    i.delay_ms          delay.o
    0x08003ab6   0x08003ab6   0x00000002   PAD
    0x08003ab8   0x08003ab8   0x00000034   Code   RO         4104    i.delay_us          delay.o
    0x08003aec   0x08003aec   0x0000008a   Code   RO         3584    i.ensure            cjson.o
    0x08003b76   0x08003b76   0x00000002   PAD
    0x08003b78   0x08003b78   0x000000ac   Code   RO           13    i.esp8266_Connect_AP  esp8266.o
    0x08003c24   0x08003c24   0x00000574   Code   RO           14    i.esp8266_Connect_IOTServer  esp8266.o
    0x08004198   0x08004198   0x000000d0   Code   RO           15    i.esp8266_Connect_Server  esp8266.o
    0x08004268   0x08004268   0x0000003c   Code   RO           16    i.esp8266_check_cmd  esp8266.o
    0x080042a4   0x080042a4   0x00000050   Code   RO           17    i.esp8266_quit_trans  esp8266.o
    0x080042f4   0x080042f4   0x00000078   Code   RO           18    i.esp8266_send_cmd  esp8266.o
    0x0800436c   0x0800436c   0x00000050   Code   RO         4493    i.internal_alloc    mc_w.l(mallocr.o)
    0x080043bc   0x080043bc   0x000001fc   Code   RO          178    i.main              main.o
    0x080045b8   0x080045b8   0x00000098   Code   RO         3594    i.print             cjson.o
    0x08004650   0x08004650   0x00000096   Code   RO         3595    i.print_array       cjson.o
    0x080046e6   0x080046e6   0x00000002   PAD
    0x080046e8   0x080046e8   0x000000b4   Code   RO         3596    i.print_number      cjson.o
    0x0800479c   0x0800479c   0x00000140   Code   RO         3597    i.print_object      cjson.o
    0x080048dc   0x080048dc   0x00000110   Code   RO         3598    i.print_string_ptr  cjson.o
    0x080049ec   0x080049ec   0x000000d0   Code   RO         3599    i.print_value       cjson.o
    0x08004abc   0x08004abc   0x0000000c   Code   RO         3026    i.readChar          mqttpacket.o
    0x08004ac8   0x08004ac8   0x00000012   Code   RO         3027    i.readInt           mqttpacket.o
    0x08004ada   0x08004ada   0x00000002   PAD
    0x08004adc   0x08004adc   0x0000006c   Code   RO         4494    i.realloc           mc_w.l(mallocr.o)
    0x08004b48   0x08004b48   0x00000034   Code   RO         3254    i.transport_getdata  transport.o
    0x08004b7c   0x08004b7c   0x00000030   Code   RO         3257    i.transport_sendPacketBuffer  transport.o
    0x08004bac   0x08004bac   0x00000040   Code   RO          360    i.u1_printf         usart.o
    0x08004bec   0x08004bec   0x00000040   Code   RO          361    i.u3_printf         usart.o
    0x08004c2c   0x08004c2c   0x0000001c   Code   RO         3601    i.update_offset     cjson.o
    0x08004c48   0x08004c48   0x00000012   Code   RO         3389    i.utils_hb2hex      utils_md5.o
    0x08004c5a   0x08004c5a   0x000000d6   Code   RO         3351    i.utils_hmac_sha1   utils_hmac.o
    0x08004d30   0x08004d30   0x000000d8   Code   RO         3451    i.utils_sha1_finish  utils_sha1.o
    0x08004e08   0x08004e08   0x00000006   Code   RO         3453    i.utils_sha1_init   utils_sha1.o
    0x08004e0e   0x08004e0e   0x00000002   PAD
    0x08004e10   0x08004e10   0x0000123e   Code   RO         3454    i.utils_sha1_process  utils_sha1.o
    0x0800604e   0x0800604e   0x00000002   PAD
    0x08006050   0x08006050   0x0000002c   Code   RO         3455    i.utils_sha1_starts  utils_sha1.o
    0x0800607c   0x0800607c   0x00000070   Code   RO         3456    i.utils_sha1_update  utils_sha1.o
    0x080060ec   0x080060ec   0x00000028   Code   RO         3029    i.writeCString      mqttpacket.o
    0x08006114   0x08006114   0x0000000c   Code   RO         3030    i.writeChar         mqttpacket.o
    0x08006120   0x08006120   0x0000001e   Code   RO         3031    i.writeInt          mqttpacket.o
    0x0800613e   0x0800613e   0x00000036   Code   RO         3032    i.writeMQTTString   mqttpacket.o
    0x08006174   0x08006174   0x00000010   Data   RO         2813    .constdata          system_stm32f1xx.o
    0x08006184   0x08006184   0x00000008   Data   RO         2814    .constdata          system_stm32f1xx.o
    0x0800618c   0x0800618c   0x00000058   Data   RO         3308    .constdata          iot_baidu.o
    0x080061e4   0x080061e4   0x00000040   Data   RO         3457    .constdata          utils_sha1.o
    0x08006224   0x08006224   0x00000040   Data   RO         4592    .constdata          mc_w.l(ctype_c.o)
    0x08006264   0x08006264   0x00000020   Data   RO         4594    Region$$Table       anon$$obj.o


    Execution Region RW_IRAM1 (Exec base: 0x20000000, Load base: 0x08006284, Size: 0x00001c48, Max: 0x00010000, ABSOLUTE)

    Exec Addr    Load Addr    Size         Type   Attr      Idx    E Section Name        Object

    0x20000000   0x08006284   0x00000001   Data   RW          179    .data               main.o
    0x20000001   0x08006285   0x00000001   PAD
    0x20000002   0x08006286   0x00000004   Data   RW          363    .data               usart.o
    0x20000006   0x0800628a   0x00000002   PAD
    0x20000008   0x0800628c   0x0000000c   Data   RW         1535    .data               stm32f1xx_hal.o
    0x20000014   0x08006298   0x00000004   Data   RW         2815    .data               system_stm32f1xx.o
    0x20000018   0x0800629c   0x00000004   Data   RW         3033    .data               mqttpacket.o
    0x2000001c   0x080062a0   0x00000006   Data   RW         3309    .data               iot_baidu.o
    0x20000022   0x080062a6   0x00000002   PAD
    0x20000024   0x080062a8   0x00000014   Data   RW         3604    .data               cjson.o
    0x20000038   0x080062bc   0x00000004   Data   RW         4105    .data               delay.o
    0x2000003c   0x080062c0   0x00000004   Data   RW         4560    .data               mc_w.l(mvars.o)
    0x20000040   0x080062c4   0x00000004   Data   RW         4561    .data               mc_w.l(mvars.o)
    0x20000044        -       0x00000040   Zero   RW          311    .bss                tim.o
    0x20000084        -       0x00000724   Zero   RW          362    .bss                usart.o
    0x200007a8        -       0x000004a0   Zero   RW         3307    .bss                iot_baidu.o
    0x20000c48        -       0x00000800   Zero   RW            2    HEAP                startup_stm32f103xe.o
    0x20001448        -       0x00000800   Zero   RW            1    STACK               startup_stm32f103xe.o


==============================================================================

Image component sizes


      Code (inc. data)   RO Data    RW Data    ZI Data      Debug   Object Name

      2056        122          0         20          0      20947   cjson.o
        98          8          0          4          0       1835   delay.o
       410         34          0          0          0       3804   dht11.o
      2036       1200          0          0          0     486034   esp8266.o
       144         10          0          0          0        943   gpio.o
       712        298         88          6       1184       2771   iot_baidu.o
       588        222          0          1          0       8384   main.o
       490         18          0          0          0       6804   mqttconnectclient.o
        72          0          0          0          0        838   mqttdeserializepublish.o
       450         22          0          4          0       8686   mqttpacket.o
       164          0          0          0          0       2270   mqttserializepublish.o
        36          8        304          0       4096        812   startup_stm32f103xe.o
       164         28          0         12          0       6565   stm32f1xx_hal.o
       222         14          0          0          0      29589   stm32f1xx_hal_cortex.o
       304          8          0          0          0       1183   stm32f1xx_hal_dma.o
       524         42          0          0          0       3567   stm32f1xx_hal_gpio.o
        60          8          0          0          0        858   stm32f1xx_hal_msp.o
      1272        100          0          0          0       5236   stm32f1xx_hal_rcc.o
       914         20          0          0          0       9689   stm32f1xx_hal_tim.o
        70          0          0          0          0       2381   stm32f1xx_hal_tim_ex.o
       994         12          0          0          0       8162   stm32f1xx_hal_uart.o
        76         22          0          0          0       5208   stm32f1xx_it.o
        72         16         24          4          0       1183   system_stm32f1xx.o
       240         24          0          0         64       2178   tim.o
       100         22          0          0          0       1261   transport.o
       616         78          0          4       1828       4941   usart.o
       214          0          0          0          0       1462   utils_hmac.o
        18          0          0          0          0        475   utils_md5.o
      5048         38         64          0          0       6221   utils_sha1.o

    ----------------------------------------------------------------------
     18204       2374        512         60       7172     634287   Object Totals
         0          0         32          0          0          0   (incl. Generated)
        40          0          0          5          0          0   (incl. Padding)

    ----------------------------------------------------------------------

      Code (inc. data)   RO Data    RW Data    ZI Data      Debug   Library Member Name

        56          8          0          0          0         84   __0sscanf.o
       812          4          0          0          0        112   _scanf.o
        64          0          0          0          0         84   _sgetc.o
        40          6         64          0          0         68   ctype_c.o
         0          0          0          0          0          0   entry.o
         0          0          0          0          0          0   entry10a.o
         0          0          0          0          0          0   entry11a.o
         8          4          0          0          0          0   entry2.o
         4          0          0          0          0          0   entry5.o
         0          0          0          0          0          0   entry7b.o
         0          0          0          0          0          0   entry8b.o
         8          4          0          0          0          0   entry9a.o
        30          0          0          0          0          0   handlers.o
        36          8          0          0          0         68   init.o
        10          0          0          0          0         68   isspace_c.o
         0          0          0          0          0          0   iusefp.o
        30          0          0          0          0         68   llshl.o
        36          0          0          0          0         68   llsshr.o
        32          0          0          0          0         68   llushr.o
       360         30          0          0          0        356   mallocr.o
        36          0          0          0          0         68   memcpya.o
        36          0          0          0          0        108   memseta.o
         0          0          0          8          0          0   mvars.o
      2312         92          0          0          0        600   printfa.o
        40          8          0          0          0         84   scanf_char.o
       878         12          0          0          0        216   scanf_fp.o
        18          0          0          0          0         68   strcpy.o
        14          0          0          0          0         68   strlen.o
        36          0          0          0          0         80   strstr.o
        44          0          0          0          0         80   uidiv.o
        98          0          0          0          0         92   uldiv.o
        48          0          0          0          0         68   cdcmple.o
        48          0          0          0          0         68   cdrcmple.o
        56          0          0          0          0         88   d2f.o
       334          0          0          0          0        148   dadd.o
       222          0          0          0          0        100   ddiv.o
       186          0          0          0          0        176   depilogue.o
        62          0          0          0          0         80   dfixi.o
        48          0          0          0          0         68   dfixul.o
        26          0          0          0          0         76   dfltui.o
        24          0          0          0          0         76   dfltul.o
       228          0          0          0          0         96   dmul.o
       110          0          0          0          0        168   fepilogue.o

    ----------------------------------------------------------------------
      6440        176         64          8          0       3720   Library Totals
        10          0          0          0          0          0   (incl. Padding)

    ----------------------------------------------------------------------

      Code (inc. data)   RO Data    RW Data    ZI Data      Debug   Library Name

      5038        176         64          8          0       2508   mc_w.l
      1392          0          0          0          0       1212   mf_w.l

    ----------------------------------------------------------------------
      6440        176         64          8          0       3720   Library Totals

    ----------------------------------------------------------------------

==============================================================================


      Code (inc. data)   RO Data    RW Data    ZI Data      Debug   

     24644       2550        576         68       7172     629007   Grand Totals
     24644       2550        576         68       7172     629007   ELF Image Totals
     24644       2550        576         68          0          0   ROM Totals

==============================================================================

    Total RO  Size (Code + RO Data)                25220 (  24.63kB)
    Total RW  Size (RW Data + ZI Data)              7240 (   7.07kB)
    Total ROM Size (Code + RO Data + RW Data)      25288 (  24.70kB)

==============================================================================

